20:14:59 **** Incremental Build of configuration Debug for project stm32f401cdu6 ****
make -j8 all 
arm-none-eabi-gcc "../Core/Src/achuankou.c" -mcpu=cortex-m4 -std=gnu11 -g3 -DDEBUG -DUSE_HAL_DRIVER -DSTM32F401xE -c -I../Core/Inc -I../Drivers/STM32F4xx_HAL_Driver/Inc -I../Drivers/STM32F4xx_HAL_Driver/Inc/Legacy -I../Drivers/CMSIS/Device/ST/STM32F4xx/Include -I../Drivers/CMSIS/Include -O0 -ffunction-sections -fdata-sections -Wall -fstack-usage -fcyclomatic-complexity -MMD -MP -MF"Core/Src/achuankou.d" -MT"Core/Src/achuankou.o" --specs=nano.specs -mfpu=fpv4-sp-d16 -mfloat-abi=hard -mthumb -o "Core/Src/achuankou.o"
arm-none-eabi-gcc -o "stm32f401cdu6.elf" @"objects.list"   -mcpu=cortex-m4 -T"C:\Users\HuaWei\Desktop\20230403\stm32f401cdu6\STM32F401CDUX_FLASH.ld" --specs=nosys.specs -Wl,-Map="stm32f401cdu6.map" -Wl,--gc-sections -static --specs=nano.specs -mfpu=fpv4-sp-d16 -mfloat-abi=hard -mthumb -Wl,--start-group -lc -lm -Wl,--end-group
Finished building target: stm32f401cdu6.elf
 
arm-none-eabi-size   stm32f401cdu6.elf 
arm-none-eabi-objdump -h -S  stm32f401cdu6.elf  > "stm32f401cdu6.list"
   text	   data	    bss	    dec	    hex	filename
  22220	    124	   4232	  26576	   67d0	stm32f401cdu6.elf
Finished building: default.size.stdout
 
Finished building: stm32f401cdu6.list
 

20:15:04 Build Finished. 0 errors, 0 warnings. (took 4s.915ms)

