../Core/Src/achuankou.c:19:7:duqu	16	static
../Core/Src/achuankou.c:30:7:shujuduqu	16	static
../Core/Src/achuankou.c:77:7:shujuxieru	144	static
../Core/Src/achuankou.c:89:10:duankoupanduan	16	static
../Core/Src/achuankou.c:121:6:duankou1qingchu	16	static
../Core/Src/achuankou.c:132:6:duankou1xunhuan	8	static
../Core/Src/achuankou.c:149:6:USART1_IRQHandler	16	static
../Core/Src/achuankou.c:176:9:chuankoufasongzi	24	static
../Core/Src/achuankou.c:188:10:chuankoufasongshuzi	24	static
../Core/Src/achuankou.c:218:6:chuankoufasong	16	static
../Core/Src/achuankou.c:227:10:modbus_crc16	32	static
