Archive member included to satisfy reference by file (symbol)

c:/soft/stm32cubeide_1.12.0/stm32cubeide/plugins/com.st.stm32cube.ide.mcu.externaltools.gnu-tools-for-stm32.10.3-2021.10.win32_1.0.200.202301161003/tools/bin/../lib/gcc/arm-none-eabi/10.3.1/../../../../arm-none-eabi/lib/thumb/v7e-m+fp/hard\libc_nano.a(lib_a-errno.o)
                              ./Core/Src/syscalls.o (__errno)
c:/soft/stm32cubeide_1.12.0/stm32cubeide/plugins/com.st.stm32cube.ide.mcu.externaltools.gnu-tools-for-stm32.10.3-2021.10.win32_1.0.200.202301161003/tools/bin/../lib/gcc/arm-none-eabi/10.3.1/../../../../arm-none-eabi/lib/thumb/v7e-m+fp/hard\libc_nano.a(lib_a-exit.o)
                              c:/soft/stm32cubeide_1.12.0/stm32cubeide/plugins/com.st.stm32cube.ide.mcu.externaltools.gnu-tools-for-stm32.10.3-2021.10.win32_1.0.200.202301161003/tools/bin/../lib/gcc/arm-none-eabi/10.3.1/../../../../arm-none-eabi/lib/thumb/v7e-m+fp/hard/crt0.o (exit)
c:/soft/stm32cubeide_1.12.0/stm32cubeide/plugins/com.st.stm32cube.ide.mcu.externaltools.gnu-tools-for-stm32.10.3-2021.10.win32_1.0.200.202301161003/tools/bin/../lib/gcc/arm-none-eabi/10.3.1/../../../../arm-none-eabi/lib/thumb/v7e-m+fp/hard\libc_nano.a(lib_a-impure.o)
                              c:/soft/stm32cubeide_1.12.0/stm32cubeide/plugins/com.st.stm32cube.ide.mcu.externaltools.gnu-tools-for-stm32.10.3-2021.10.win32_1.0.200.202301161003/tools/bin/../lib/gcc/arm-none-eabi/10.3.1/../../../../arm-none-eabi/lib/thumb/v7e-m+fp/hard\libc_nano.a(lib_a-exit.o) (_global_impure_ptr)
c:/soft/stm32cubeide_1.12.0/stm32cubeide/plugins/com.st.stm32cube.ide.mcu.externaltools.gnu-tools-for-stm32.10.3-2021.10.win32_1.0.200.202301161003/tools/bin/../lib/gcc/arm-none-eabi/10.3.1/../../../../arm-none-eabi/lib/thumb/v7e-m+fp/hard\libc_nano.a(lib_a-init.o)
                              c:/soft/stm32cubeide_1.12.0/stm32cubeide/plugins/com.st.stm32cube.ide.mcu.externaltools.gnu-tools-for-stm32.10.3-2021.10.win32_1.0.200.202301161003/tools/bin/../lib/gcc/arm-none-eabi/10.3.1/../../../../arm-none-eabi/lib/thumb/v7e-m+fp/hard/crt0.o (__libc_init_array)
c:/soft/stm32cubeide_1.12.0/stm32cubeide/plugins/com.st.stm32cube.ide.mcu.externaltools.gnu-tools-for-stm32.10.3-2021.10.win32_1.0.200.202301161003/tools/bin/../lib/gcc/arm-none-eabi/10.3.1/../../../../arm-none-eabi/lib/thumb/v7e-m+fp/hard\libc_nano.a(lib_a-memset.o)
                              c:/soft/stm32cubeide_1.12.0/stm32cubeide/plugins/com.st.stm32cube.ide.mcu.externaltools.gnu-tools-for-stm32.10.3-2021.10.win32_1.0.200.202301161003/tools/bin/../lib/gcc/arm-none-eabi/10.3.1/../../../../arm-none-eabi/lib/thumb/v7e-m+fp/hard/crt0.o (memset)
c:/soft/stm32cubeide_1.12.0/stm32cubeide/plugins/com.st.stm32cube.ide.mcu.externaltools.gnu-tools-for-stm32.10.3-2021.10.win32_1.0.200.202301161003/tools/bin/../lib/gcc/arm-none-eabi/10.3.1/../../../../arm-none-eabi/lib/thumb/v7e-m+fp/hard\libm.a(lib_a-w_pow.o)
                              ./Core/Src/ashuzuchaozuo.o (pow)
c:/soft/stm32cubeide_1.12.0/stm32cubeide/plugins/com.st.stm32cube.ide.mcu.externaltools.gnu-tools-for-stm32.10.3-2021.10.win32_1.0.200.202301161003/tools/bin/../lib/gcc/arm-none-eabi/10.3.1/../../../../arm-none-eabi/lib/thumb/v7e-m+fp/hard\libm.a(lib_a-w_sqrt.o)
                              ./Core/Src/abujindianjipwm.o (sqrt)
c:/soft/stm32cubeide_1.12.0/stm32cubeide/plugins/com.st.stm32cube.ide.mcu.externaltools.gnu-tools-for-stm32.10.3-2021.10.win32_1.0.200.202301161003/tools/bin/../lib/gcc/arm-none-eabi/10.3.1/../../../../arm-none-eabi/lib/thumb/v7e-m+fp/hard\libm.a(lib_a-e_pow.o)
                              c:/soft/stm32cubeide_1.12.0/stm32cubeide/plugins/com.st.stm32cube.ide.mcu.externaltools.gnu-tools-for-stm32.10.3-2021.10.win32_1.0.200.202301161003/tools/bin/../lib/gcc/arm-none-eabi/10.3.1/../../../../arm-none-eabi/lib/thumb/v7e-m+fp/hard\libm.a(lib_a-w_pow.o) (__ieee754_pow)
c:/soft/stm32cubeide_1.12.0/stm32cubeide/plugins/com.st.stm32cube.ide.mcu.externaltools.gnu-tools-for-stm32.10.3-2021.10.win32_1.0.200.202301161003/tools/bin/../lib/gcc/arm-none-eabi/10.3.1/../../../../arm-none-eabi/lib/thumb/v7e-m+fp/hard\libm.a(lib_a-e_sqrt.o)
                              c:/soft/stm32cubeide_1.12.0/stm32cubeide/plugins/com.st.stm32cube.ide.mcu.externaltools.gnu-tools-for-stm32.10.3-2021.10.win32_1.0.200.202301161003/tools/bin/../lib/gcc/arm-none-eabi/10.3.1/../../../../arm-none-eabi/lib/thumb/v7e-m+fp/hard\libm.a(lib_a-w_sqrt.o) (__ieee754_sqrt)
c:/soft/stm32cubeide_1.12.0/stm32cubeide/plugins/com.st.stm32cube.ide.mcu.externaltools.gnu-tools-for-stm32.10.3-2021.10.win32_1.0.200.202301161003/tools/bin/../lib/gcc/arm-none-eabi/10.3.1/../../../../arm-none-eabi/lib/thumb/v7e-m+fp/hard\libm.a(lib_a-math_err.o)
[...]
Memory Configuration

Name             Origin             Length             Attributes
RAM              0x0000000020000000 0x0000000000010000 xrw
FLASH            0x0000000008000000 0x0000000000040000 xr
*default*        0x0000000000000000 0xffffffffffffffff

Linker script and memory map

LOAD c:/soft/stm32cubeide_1.12.0/stm32cubeide/plugins/com.st.stm32cube.ide.mcu.externaltools.gnu-tools-for-stm32.10.3-2021.10.win32_1.0.200.202301161003/tools/bin/../lib/gcc/arm-none-eabi/10.3.1/thumb/v7e-m+fp/hard/crti.o
LOAD c:/soft/stm32cubeide_1.12.0/stm32cubeide/plugins/com.st.stm32cube.ide.mcu.externaltools.gnu-tools-for-stm32.10.3-2021.10.win32_1.0.200.202301161003/tools/bin/../lib/gcc/arm-none-eabi/10.3.1/thumb/v7e-m+fp/hard/crtbegin.o
LOAD c:/soft/stm32cubeide_1.12.0/stm32cubeide/plugins/com.st.stm32cube.ide.mcu.externaltools.gnu-tools-for-stm32.10.3-2021.10.win32_1.0.200.202301161003/tools/bin/../lib/gcc/arm-none-eabi/10.3.1/../../../../arm-none-eabi/lib/thumb/v7e-m+fp/hard/crt0.o
LOAD ./Core/Src/abujindianjipwm.o
LOAD ./Core/Src/achuankou.o
LOAD ./Core/Src/ashuzuchaozuo.o
LOAD ./Core/Src/main.o
LOAD ./Core/Src/stm32f4xx_hal_msp.o
LOAD ./Core/Src/stm32f4xx_it.o
LOAD ./Core/Src/syscalls.o
LOAD ./Core/Src/sysmem.o
LOAD ./Core/Src/system_stm32f4xx.o
LOAD ./Core/Startup/startup_stm32f401ccux.o
LOAD ./Drivers/STM32F4xx_HAL_Driver/Src/stm32f4xx_hal.o
LOAD ./Drivers/STM32F4xx_HAL_Driver/Src/stm32f4xx_hal_cortex.o
LOAD ./Drivers/STM32F4xx_HAL_Driver/Src/stm32f4xx_hal_dma.o
LOAD ./Drivers/STM32F4xx_HAL_Driver/Src/stm32f4xx_hal_dma_ex.o
LOAD ./Drivers/STM32F4xx_HAL_Driver/Src/stm32f4xx_hal_exti.o
LOAD ./Drivers/STM32F4xx_HAL_Driver/Src/stm32f4xx_hal_flash.o
LOAD ./Drivers/STM32F4xx_HAL_Driver/Src/stm32f4xx_hal_flash_ex.o
LOAD ./Drivers/STM32F4xx_HAL_Driver/Src/stm32f4xx_hal_flash_ramfunc.o
LOAD ./Drivers/STM32F4xx_HAL_Driver/Src/stm32f4xx_hal_gpio.o
LOAD ./Drivers/STM32F4xx_HAL_Driver/Src/stm32f4xx_hal_pcd.o
LOAD ./Drivers/STM32F4xx_HAL_Driver/Src/stm32f4xx_hal_pcd_ex.o
LOAD ./Drivers/STM32F4xx_HAL_Driver/Src/stm32f4xx_hal_pwr.o
LOAD ./Drivers/STM32F4xx_HAL_Driver/Src/stm32f4xx_hal_pwr_ex.o
LOAD ./Drivers/STM32F4xx_HAL_Driver/Src/stm32f4xx_hal_rcc.o
LOAD ./Drivers/STM32F4xx_HAL_Driver/Src/stm32f4xx_hal_rcc_ex.o
LOAD ./Drivers/STM32F4xx_HAL_Driver/Src/stm32f4xx_hal_tim.o
LOAD ./Drivers/STM32F4xx_HAL_Driver/Src/stm32f4xx_hal_tim_ex.o
LOAD ./Drivers/STM32F4xx_HAL_Driver/Src/stm32f4xx_hal_uart.o
LOAD ./Drivers/STM32F4xx_HAL_Driver/Src/stm32f4xx_ll_usb.o
LOAD ./Middlewares/ST/STM32_USB_Device_Library/Class/CDC/Src/usbd_cdc.o
LOAD ./Middlewares/ST/STM32_USB_Device_Library/Core/Src/usbd_core.o
LOAD ./Middlewares/ST/STM32_USB_Device_Library/Core/Src/usbd_ctlreq.o
LOAD ./Middlewares/ST/STM32_USB_Device_Library/Core/Src/usbd_ioreq.o
LOAD ./USB_DEVICE/App/usb_device.o
LOAD ./USB_DEVICE/App/usbd_cdc_if.o
LOAD ./USB_DEVICE/App/usbd_desc.o
LOAD ./USB_DEVICE/Target/usbd_conf.o
START GROUP
LOAD c:/soft/stm32cubeide_1.12.0/stm32cubeide/plugins/com.st.stm32cube.ide.mcu.externaltools.gnu-tools-for-stm32.10.3-2021.10.win32_1.0.200.202301161003/tools/bin/../lib/gcc/arm-none-eabi/10.3.1/../../../../arm-none-eabi/lib/thumb/v7e-m+fp/hard\libc_nano.a
LOAD c:/soft/stm32cubeide_1.12.0/stm32cubeide/plugins/com.st.stm32cube.ide.mcu.externaltools.gnu-tools-for-stm32.10.3-2021.10.win32_1.0.200.202301161003/tools/bin/../lib/gcc/arm-none-eabi/10.3.1/../../../../arm-none-eabi/lib/thumb/v7e-m+fp/hard\libm.a
END GROUP
START GROUP
LOAD c:/soft/stm32cubeide_1.12.0/stm32cubeide/plugins/com.st.stm32cube.ide.mcu.externaltools.gnu-tools-for-stm32.10.3-2021.10.win32_1.0.200.202301161003/tools/bin/../lib/gcc/arm-none-eabi/10.3.1/thumb/v7e-m+fp/hard\libgcc.a
LOAD c:/soft/stm32cubeide_1.12.0/stm32cubeide/plugins/com.st.stm32cube.ide.mcu.externaltools.gnu-tools-for-stm32.10.3-2021.10.win32_1.0.200.202301161003/tools/bin/../lib/gcc/arm-none-eabi/10.3.1/../../../../arm-none-eabi/lib/thumb/v7e-m+fp/hard\libc_nano.a
END GROUP
START GROUP
LOAD c:/soft/stm32cubeide_1.12.0/stm32cubeide/plugins/com.st.stm32cube.ide.mcu.externaltools.gnu-tools-for-stm32.10.3-2021.10.win32_1.0.200.202301161003/tools/bin/../lib/gcc/arm-none-eabi/10.3.1/thumb/v7e-m+fp/hard\libgcc.a
LOAD c:/soft/stm32cubeide_1.12.0/stm32cubeide/plugins/com.st.stm32cube.ide.mcu.externaltools.gnu-tools-for-stm32.10.3-2021.10.win32_1.0.200.202301161003/tools/bin/../lib/gcc/arm-none-eabi/10.3.1/../../../../arm-none-eabi/lib/thumb/v7e-m+fp/hard\libc_nano.a
LOAD c:/soft/stm32cubeide_1.12.0/stm32cubeide/plugins/com.st.stm32cube.ide.mcu.externaltools.gnu-tools-for-stm32.10.3-2021.10.win32_1.0.200.202301161003/tools/bin/../lib/gcc/arm-none-eabi/10.3.1/../../../../arm-none-eabi/lib/thumb/v7e-m+fp/hard\libnosys.a
END GROUP
START GROUP
LOAD c:/soft/stm32cubeide_1.12.0/stm32cubeide/plugins/com.st.stm32cube.ide.mcu.externaltools.gnu-tools-for-stm32.10.3-2021.10.win32_1.0.200.202301161003/tools/bin/../lib/gcc/arm-none-eabi/10.3.1/thumb/v7e-m+fp/hard\libgcc.a
LOAD c:/soft/stm32cubeide_1.12.0/stm32cubeide/plugins/com.st.stm32cube.ide.mcu.externaltools.gnu-tools-for-stm32.10.3-2021.10.win32_1.0.200.202301161003/tools/bin/../lib/gcc/arm-none-eabi/10.3.1/../../../../arm-none-eabi/lib/thumb/v7e-m+fp/hard\libc_nano.a
LOAD c:/soft/stm32cubeide_1.12.0/stm32cubeide/plugins/com.st.stm32cube.ide.mcu.externaltools.gnu-tools-for-stm32.10.3-2021.10.win32_1.0.200.202301161003/tools/bin/../lib/gcc/arm-none-eabi/10.3.1/../../../../arm-none-eabi/lib/thumb/v7e-m+fp/hard\libnosys.a
END GROUP
LOAD c:/soft/stm32cubeide_1.12.0/stm32cubeide/plugins/com.st.stm32cube.ide.mcu.externaltools.gnu-tools-for-stm32.10.3-2021.10.win32_1.0.200.202301161003/tools/bin/../lib/gcc/arm-none-eabi/10.3.1/thumb/v7e-m+fp/hard/crtend.o
LOAD c:/soft/stm32cubeide_1.12.0/stm32cubeide/plugins/com.st.stm32cube.ide.mcu.externaltools.gnu-tools-for-stm32.10.3-2021.10.win32_1.0.200.202301161003/tools/bin/../lib/gcc/arm-none-eabi/10.3.1/thumb/v7e-m+fp/hard/crtn.o
                0x0000000020010000                _estack = (ORIGIN (RAM) + LENGTH (RAM))
                0x0000000000000200                _Min_Heap_Size = 0x200
                0x0000000000000400                _Min_Stack_Size = 0x400

.isr_vector     0x0000000008000000      0x194
                0x0000000008000000                . = ALIGN (0x4)
 *(.isr_vector)
 .isr_vector    0x0000000008000000      0x194 ./Core/Startup/startup_stm32f401ccux.o
                0x0000000008000000                g_pfnVectors
                0x0000000008000194                . = ALIGN (0x4)

.text           0x0000000008000198     0xc0f4
                0x0000000008000198                . = ALIGN (0x4)
 *(.text)
 .text          0x0000000008000198       0x40 c:/soft/stm32cubeide_1.12.0/stm32cubeide/plugins/com.st.stm32cube.ide.mcu.externaltools.gnu-tools-for-stm32.10.3-2021.10.win32_1.0.200.202301161003/tools/bin/../lib/gcc/arm-none-eabi/10.3.1/thumb/v7e-m+fp/hard/crtbegin.o
 .text          0x00000000080001d8      0x378 c:/soft/stm32cubeide_1.12.0/stm32cubeide/plugins/com.st.stm32cube.ide.mcu.externaltools.gnu-tools-for-stm32.10.3-2021.10.win32_1.0.200.202301161003/tools/bin/../lib/gcc/arm-none-eabi/10.3.1/thumb/v7e-m+fp/hard\libgcc.a(_arm_addsubdf3.o)
                0x00000000080001d8                __aeabi_drsub
                0x00000000080001e0                __aeabi_dsub
                0x00000000080001e0                __subdf3
                0x00000000080001e4                __aeabi_dadd
                0x00000000080001e4                __adddf3
                0x000000000800045c                __floatunsidf
                0x000000000800045c                __aeabi_ui2d
                0x000000000800047c                __floatsidf
                0x000000000800047c                __aeabi_i2d
                0x00000000080004a0                __aeabi_f2d
                0x00000000080004a0                __extendsfdf2
                0x00000000080004e4                __floatundidf
                0x00000000080004e4                __aeabi_ul2d
                0x00000000080004f4                __floatdidf
                0x00000000080004f4                __aeabi_l2d
 .text          0x0000000008000550      0x424 c:/soft/stm32cubeide_1.12.0/stm32cubeide/plugins/com.st.stm32cube.ide.mcu.externaltools.gnu-tools-for-stm32.10.3-2021.10.win32_1.0.200.202301161003/tools/bin/../lib/gcc/arm-none-eabi/10.3.1/thumb/v7e-m+fp/hard\libgcc.a(_arm_muldivdf3.o)
                0x0000000008000550                __aeabi_dmul
                0x0000000008000550                __muldf3
                0x00000000080007a4                __divdf3
                0x00000000080007a4                __aeabi_ddiv
 .text          0x0000000008000974      0x110 c:/soft/stm32cubeide_1.12.0/stm32cubeide/plugins/com.st.stm32cube.ide.mcu.externaltools.gnu-tools-for-stm32.10.3-2021.10.win32_1.0.200.202301161003/tools/bin/../lib/gcc/arm-none-eabi/10.3.1/thumb/v7e-m+fp/hard\libgcc.a(_arm_cmpdf2.o)
                0x0000000008000974                __gtdf2
                0x0000000008000974                __gedf2
                0x000000000800097c                __ltdf2
                0x000000000800097c                __ledf2
                0x0000000008000984                __nedf2
                0x0000000008000984                __eqdf2
                0x0000000008000984                __cmpdf2
                0x0000000008000a00                __aeabi_cdrcmple
                0x0000000008000a10                __aeabi_cdcmpeq
                0x0000000008000a10                __aeabi_cdcmple
                0x0000000008000a20                __aeabi_dcmpeq
                0x0000000008000a34                __aeabi_dcmplt
                0x0000000008000a48                __aeabi_dcmple
                0x0000000008000a5c                __aeabi_dcmpge
                0x0000000008000a70                __aeabi_dcmpgt
 .text          0x0000000008000a84       0x2c c:/soft/stm32cubeide_1.12.0/stm32cubeide/plugins/com.st.stm32cube.ide.mcu.externaltools.gnu-tools-for-stm32.10.3-2021.10.win32_1.0.200.202301161003/tools/bin/../lib/gcc/arm-none-eabi/10.3.1/thumb/v7e-m+fp/hard\libgcc.a(_arm_unorddf2.o)
                0x0000000008000a84                __unorddf2
                0x0000000008000a84                __aeabi_dcmpun
 .text          0x0000000008000ab0       0x50 c:/soft/stm32cubeide_1.12.0/stm32cubeide/plugins/com.st.stm32cube.ide.mcu.externaltools.gnu-tools-for-stm32.10.3-2021.10.win32_1.0.200.202301161003/tools/bin/../lib/gcc/arm-none-eabi/10.3.1/thumb/v7e-m+fp/hard\libgcc.a(_arm_fixdfsi.o)
                0x0000000008000ab0                __aeabi_d2iz
                0x0000000008000ab0                __fixdfsi
 .text          0x0000000008000b00       0x40 c:/soft/stm32cubeide_1.12.0/stm32cubeide/plugins/com.st.stm32cube.ide.mcu.externaltools.gnu-tools-for-stm32.10.3-2021.10.win32_1.0.200.202301161003/tools/bin/../lib/gcc/arm-none-eabi/10.3.1/thumb/v7e-m+fp/hard\libgcc.a(_arm_fixunsdfsi.o)
                0x0000000008000b00                __aeabi_d2uiz
                0x0000000008000b00                __fixunsdfsi
 .text          0x0000000008000b40       0xa0 c:/soft/stm32cubeide_1.12.0/stm32cubeide/plugins/com.st.stm32cube.ide.mcu.externaltools.gnu-tools-for-stm32.10.3-2021.10.win32_1.0.200.202301161003/tools/bin/../lib/gcc/arm-none-eabi/10.3.1/thumb/v7e-m+fp/hard\libgcc.a(_aeabi_ldivmod.o)
                0x0000000008000b40                __aeabi_ldivmod
 .text          0x0000000008000be0       0x30 c:/soft/stm32cubeide_1.12.0/stm32cubeide/plugins/com.st.stm32cube.ide.mcu.externaltools.gnu-tools-for-stm32.10.3-2021.10.win32_1.0.200.202301161003/tools/bin/../lib/gcc/arm-none-eabi/10.3.1/thumb/v7e-m+fp/hard\libgcc.a(_aeabi_uldivmod.o)
                0x0000000008000be0                __aeabi_uldivmod
 .text          0x0000000008000c10       0x30 c:/soft/stm32cubeide_1.12.0/stm32cubeide/plugins/com.st.stm32cube.ide.mcu.externaltools.gnu-tools-for-stm32.10.3-2021.10.win32_1.0.200.202301161003/tools/bin/../lib/gcc/arm-none-eabi/10.3.1/thumb/v7e-m+fp/hard\libgcc.a(_fixdfdi.o)
                0x0000000008000c10                __fixdfdi
                0x0000000008000c10                __aeabi_d2lz
 .text          0x0000000008000c40       0x3c c:/soft/stm32cubeide_1.12.0/stm32cubeide/plugins/com.st.stm32cube.ide.mcu.externaltools.gnu-tools-for-stm32.10.3-2021.10.win32_1.0.200.202301161003/tools/bin/../lib/gcc/arm-none-eabi/10.3.1/thumb/v7e-m+fp/hard\libgcc.a(_fixunsdfdi.o)
                0x0000000008000c40                __fixunsdfdi
                0x0000000008000c40                __aeabi_d2ulz
 .text          0x0000000008000c7c      0x2d0 c:/soft/stm32cubeide_1.12.0/stm32cubeide/plugins/com.st.stm32cube.ide.mcu.externaltools.gnu-tools-for-stm32.10.3-2021.10.win32_1.0.200.202301161003/tools/bin/../lib/gcc/arm-none-eabi/10.3.1/thumb/v7e-m+fp/hard\libgcc.a(_udivmoddi4.o)
                0x0000000008000c7c                __udivmoddi4
 .text          0x0000000008000f4c        0x4 c:/soft/stm32cubeide_1.12.0/stm32cubeide/plugins/com.st.stm32cube.ide.mcu.externaltools.gnu-tools-for-stm32.10.3-2021.10.win32_1.0.200.202301161003/tools/bin/../lib/gcc/arm-none-eabi/10.3.1/thumb/v7e-m+fp/hard\libgcc.a(_dvmd_tls.o)
                0x0000000008000f4c                __aeabi_idiv0
                0x0000000008000f4c                __aeabi_ldiv0
 *(.text*)
 .text.pwmzhongduankongzhi
                0x0000000008000f50      0x328 ./Core/Src/abujindianjipwm.o
                0x0000000008000f50                pwmzhongduankongzhi
 .text.s2b2     0x0000000008001278       0x9e ./Core/Src/abujindianjipwm.o
                0x0000000008001278                s2b2
 *fill*         0x0000000008001316        0x2 
 .text.shishisuduyunsuan
                0x0000000008001318      0x1e8 ./Core/Src/abujindianjipwm.o
                0x0000000008001318                shishisuduyunsuan
 .text.duankou1qingchu
                0x0000000008001500       0x50 ./Core/Src/achuankou.o
                0x0000000008001500                duankou1qingchu
 .text.duankou1xunhuan
                0x0000000008001550       0x38 ./Core/Src/achuankou.o
                0x0000000008001550                duankou1xunhuan
 .text.USART1_IRQHandler
                0x0000000008001588       0x60 ./Core/Src/achuankou.o
                0x0000000008001588                USART1_IRQHandler
 .text.chuankoufasongzi
                0x00000000080015e8       0x2c ./Core/Src/achuankou.o
                0x00000000080015e8                chuankoufasongzi
 .text.chuankoufasongshuzi
                0x0000000008001614       0xe4 ./Core/Src/achuankou.o
                0x0000000008001614                chuankoufasongshuzi
 .text.chuankoufasong
                0x00000000080016f8       0x2a ./Core/Src/achuankou.o
                0x00000000080016f8                chuankoufasong
 .text.reverse  0x0000000008001722       0x5e ./Core/Src/ashuzuchaozuo.o
                0x0000000008001722                reverse
 .text.intToStr
                0x0000000008001780       0x84 ./Core/Src/ashuzuchaozuo.o
                0x0000000008001780                intToStr
 *fill*         0x0000000008001804        0x4 
 .text.ftoa     0x0000000008001808      0x110 ./Core/Src/ashuzuchaozuo.o
                0x0000000008001808                ftoa
 .text.TIM1_UP_TIM10_IRQHandler
                0x0000000008001918       0x30 ./Core/Src/main.o
                0x0000000008001918                TIM1_UP_TIM10_IRQHandler
 .text.TIM1_BRK_TIM9_IRQHandler
                0x0000000008001948       0x18 ./Core/Src/main.o
                0x0000000008001948                TIM1_BRK_TIM9_IRQHandler
 .text.jisuanjueduijuli_6x
                0x0000000008001960      0x186 ./Core/Src/main.o
                0x0000000008001960                jisuanjueduijuli_6x
 *fill*         0x0000000008001ae6        0x2 
 .text.chabu_6x
                0x0000000008001ae8      0x188 ./Core/Src/main.o
                0x0000000008001ae8                chabu_6x
 .text.gengxinshijiweizhi_6x
                0x0000000008001c70      0x298 ./Core/Src/main.o
                0x0000000008001c70                gengxinshijiweizhi_6x
 .text.fs       0x0000000008001f08       0x64 ./Core/Src/main.o
                0x0000000008001f08                fs
 .text.main     0x0000000008001f6c      0x434 ./Core/Src/main.o
                0x0000000008001f6c                main
 .text.SystemClock_Config
                0x00000000080023a0       0xd8 ./Core/Src/main.o
                0x00000000080023a0                SystemClock_Config
 .text.MX_TIM1_Init
                0x0000000008002478       0xa0 ./Core/Src/main.o
 .text.MX_TIM9_Init
                0x0000000008002518       0x8c ./Core/Src/main.o
 .text.MX_TIM11_Init
                0x00000000080025a4       0x48 ./Core/Src/main.o
 .text.MX_USART1_UART_Init
                0x00000000080025ec       0x54 ./Core/Src/main.o
 .text.MX_GPIO_Init
                0x0000000008002640       0x84 ./Core/Src/main.o
 .text.Error_Handler
                0x00000000080026c4        0xa ./Core/Src/main.o
                0x00000000080026c4                Error_Handler
 *fill*         0x00000000080026ce        0x2 
 .text.HAL_MspInit
                0x00000000080026d0       0x50 ./Core/Src/stm32f4xx_hal_msp.o
                0x00000000080026d0                HAL_MspInit
 .text.HAL_TIM_Base_MspInit
                0x0000000008002720       0x8c ./Core/Src/stm32f4xx_hal_msp.o
                0x0000000008002720                HAL_TIM_Base_MspInit
 .text.HAL_TIM_PWM_MspInit
                0x00000000080027ac       0x50 ./Core/Src/stm32f4xx_hal_msp.o
                0x00000000080027ac                HAL_TIM_PWM_MspInit
 .text.HAL_TIM_MspPostInit
                0x00000000080027fc       0x74 ./Core/Src/stm32f4xx_hal_msp.o
                0x00000000080027fc                HAL_TIM_MspPostInit
 .text.HAL_UART_MspInit
                0x0000000008002870       0xa0 ./Core/Src/stm32f4xx_hal_msp.o
                0x0000000008002870                HAL_UART_MspInit
 .text.NMI_Handler
                0x0000000008002910        0x6 ./Core/Src/stm32f4xx_it.o
                0x0000000008002910                NMI_Handler
 .text.HardFault_Handler
                0x0000000008002916        0x6 ./Core/Src/stm32f4xx_it.o
                0x0000000008002916                HardFault_Handler
 .text.MemManage_Handler
                0x000000000800291c        0x6 ./Core/Src/stm32f4xx_it.o
                0x000000000800291c                MemManage_Handler
 .text.BusFault_Handler
                0x0000000008002922        0x6 ./Core/Src/stm32f4xx_it.o
                0x0000000008002922                BusFault_Handler
 .text.UsageFault_Handler
                0x0000000008002928        0x6 ./Core/Src/stm32f4xx_it.o
                0x0000000008002928                UsageFault_Handler
 .text.SVC_Handler
                0x000000000800292e        0xe ./Core/Src/stm32f4xx_it.o
                0x000000000800292e                SVC_Handler
 .text.DebugMon_Handler
                0x000000000800293c        0xe ./Core/Src/stm32f4xx_it.o
                0x000000000800293c                DebugMon_Handler
 .text.PendSV_Handler
                0x000000000800294a        0xe ./Core/Src/stm32f4xx_it.o
                0x000000000800294a                PendSV_Handler
 .text.SysTick_Handler
                0x0000000008002958        0xc ./Core/Src/stm32f4xx_it.o
                0x0000000008002958                SysTick_Handler
 .text.OTG_FS_IRQHandler
                0x0000000008002964       0x14 ./Core/Src/stm32f4xx_it.o
                0x0000000008002964                OTG_FS_IRQHandler
 .text.SystemInit
                0x0000000008002978       0x24 ./Core/Src/system_stm32f4xx.o
                0x0000000008002978                SystemInit
 .text.Reset_Handler
                0x000000000800299c       0x50 ./Core/Startup/startup_stm32f401ccux.o
                0x000000000800299c                Reset_Handler
 .text.Default_Handler
                0x00000000080029ec        0x2 ./Core/Startup/startup_stm32f401ccux.o
                0x00000000080029ec                RTC_Alarm_IRQHandler
                0x00000000080029ec                EXTI2_IRQHandler
                0x00000000080029ec                SPI4_IRQHandler
                0x00000000080029ec                TIM1_CC_IRQHandler
                0x00000000080029ec                DMA2_Stream5_IRQHandler
                0x00000000080029ec                DMA1_Stream5_IRQHandler
                0x00000000080029ec                PVD_IRQHandler
                0x00000000080029ec                SDIO_IRQHandler
                0x00000000080029ec                TAMP_STAMP_IRQHandler
                0x00000000080029ec                EXTI3_IRQHandler
                0x00000000080029ec                I2C3_ER_IRQHandler
                0x00000000080029ec                EXTI0_IRQHandler
                0x00000000080029ec                I2C2_EV_IRQHandler
                0x00000000080029ec                DMA1_Stream2_IRQHandler
                0x00000000080029ec                FPU_IRQHandler
                0x00000000080029ec                DMA2_Stream2_IRQHandler
                0x00000000080029ec                SPI1_IRQHandler
                0x00000000080029ec                DMA2_Stream3_IRQHandler
                0x00000000080029ec                USART6_IRQHandler
                0x00000000080029ec                DMA2_Stream0_IRQHandler
                0x00000000080029ec                TIM4_IRQHandler
                0x00000000080029ec                I2C1_EV_IRQHandler
                0x00000000080029ec                DMA1_Stream6_IRQHandler
                0x00000000080029ec                DMA1_Stream1_IRQHandler
                0x00000000080029ec                TIM3_IRQHandler
                0x00000000080029ec                RCC_IRQHandler
                0x00000000080029ec                Default_Handler
                0x00000000080029ec                EXTI15_10_IRQHandler
                0x00000000080029ec                ADC_IRQHandler
                0x00000000080029ec                DMA1_Stream7_IRQHandler
                0x00000000080029ec                TIM5_IRQHandler
                0x00000000080029ec                DMA2_Stream7_IRQHandler
                0x00000000080029ec                I2C3_EV_IRQHandler
                0x00000000080029ec                EXTI9_5_IRQHandler
                0x00000000080029ec                RTC_WKUP_IRQHandler
                0x00000000080029ec                SPI2_IRQHandler
                0x00000000080029ec                DMA1_Stream0_IRQHandler
                0x00000000080029ec                EXTI4_IRQHandler
                0x00000000080029ec                WWDG_IRQHandler
                0x00000000080029ec                TIM2_IRQHandler
                0x00000000080029ec                OTG_FS_WKUP_IRQHandler
                0x00000000080029ec                TIM1_TRG_COM_TIM11_IRQHandler
                0x00000000080029ec                EXTI1_IRQHandler
                0x00000000080029ec                USART2_IRQHandler
                0x00000000080029ec                I2C2_ER_IRQHandler
                0x00000000080029ec                DMA2_Stream1_IRQHandler
                0x00000000080029ec                FLASH_IRQHandler
                0x00000000080029ec                DMA2_Stream4_IRQHandler
                0x00000000080029ec                SPI3_IRQHandler
                0x00000000080029ec                DMA1_Stream4_IRQHandler
                0x00000000080029ec                I2C1_ER_IRQHandler
                0x00000000080029ec                DMA2_Stream6_IRQHandler
                0x00000000080029ec                DMA1_Stream3_IRQHandler
 *fill*         0x00000000080029ee        0x2 
 .text.HAL_Init
                0x00000000080029f0       0x44 ./Drivers/STM32F4xx_HAL_Driver/Src/stm32f4xx_hal.o
                0x00000000080029f0                HAL_Init
 .text.HAL_InitTick
                0x0000000008002a34       0x60 ./Drivers/STM32F4xx_HAL_Driver/Src/stm32f4xx_hal.o
                0x0000000008002a34                HAL_InitTick
 .text.HAL_IncTick
                0x0000000008002a94       0x28 ./Drivers/STM32F4xx_HAL_Driver/Src/stm32f4xx_hal.o
                0x0000000008002a94                HAL_IncTick
 .text.HAL_GetTick
                0x0000000008002abc       0x18 ./Drivers/STM32F4xx_HAL_Driver/Src/stm32f4xx_hal.o
                0x0000000008002abc                HAL_GetTick
 .text.HAL_Delay
                0x0000000008002ad4       0x48 ./Drivers/STM32F4xx_HAL_Driver/Src/stm32f4xx_hal.o
                0x0000000008002ad4                HAL_Delay
 .text.__NVIC_SetPriorityGrouping
                0x0000000008002b1c       0x48 ./Drivers/STM32F4xx_HAL_Driver/Src/stm32f4xx_hal_cortex.o
 .text.__NVIC_GetPriorityGrouping
                0x0000000008002b64       0x1c ./Drivers/STM32F4xx_HAL_Driver/Src/stm32f4xx_hal_cortex.o
 .text.__NVIC_EnableIRQ
                0x0000000008002b80       0x3c ./Drivers/STM32F4xx_HAL_Driver/Src/stm32f4xx_hal_cortex.o
 .text.__NVIC_SetPriority
                0x0000000008002bbc       0x54 ./Drivers/STM32F4xx_HAL_Driver/Src/stm32f4xx_hal_cortex.o
 .text.NVIC_EncodePriority
                0x0000000008002c10       0x66 ./Drivers/STM32F4xx_HAL_Driver/Src/stm32f4xx_hal_cortex.o
 *fill*         0x0000000008002c76        0x2 
 .text.SysTick_Config
                0x0000000008002c78       0x44 ./Drivers/STM32F4xx_HAL_Driver/Src/stm32f4xx_hal_cortex.o
 .text.HAL_NVIC_SetPriorityGrouping
                0x0000000008002cbc       0x16 ./Drivers/STM32F4xx_HAL_Driver/Src/stm32f4xx_hal_cortex.o
                0x0000000008002cbc                HAL_NVIC_SetPriorityGrouping
 .text.HAL_NVIC_SetPriority
                0x0000000008002cd2       0x38 ./Drivers/STM32F4xx_HAL_Driver/Src/stm32f4xx_hal_cortex.o
                0x0000000008002cd2                HAL_NVIC_SetPriority
 .text.HAL_NVIC_EnableIRQ
                0x0000000008002d0a       0x1c ./Drivers/STM32F4xx_HAL_Driver/Src/stm32f4xx_hal_cortex.o
                0x0000000008002d0a                HAL_NVIC_EnableIRQ
 .text.HAL_SYSTICK_Config
                0x0000000008002d26       0x18 ./Drivers/STM32F4xx_HAL_Driver/Src/stm32f4xx_hal_cortex.o
                0x0000000008002d26                HAL_SYSTICK_Config
 .text.HAL_DMA_Abort
                0x0000000008002d3e       0xe0 ./Drivers/STM32F4xx_HAL_Driver/Src/stm32f4xx_hal_dma.o
                0x0000000008002d3e                HAL_DMA_Abort
 .text.HAL_DMA_Abort_IT
                0x0000000008002e1e       0x44 ./Drivers/STM32F4xx_HAL_Driver/Src/stm32f4xx_hal_dma.o
                0x0000000008002e1e                HAL_DMA_Abort_IT
 *fill*         0x0000000008002e62        0x2 
 .text.HAL_GPIO_Init
                0x0000000008002e64      0x308 ./Drivers/STM32F4xx_HAL_Driver/Src/stm32f4xx_hal_gpio.o
                0x0000000008002e64                HAL_GPIO_Init
 .text.HAL_GPIO_WritePin
                0x000000000800316c       0x32 ./Drivers/STM32F4xx_HAL_Driver/Src/stm32f4xx_hal_gpio.o
                0x000000000800316c                HAL_GPIO_WritePin
 .text.HAL_PCD_Init
                0x000000000800319e      0x23a ./Drivers/STM32F4xx_HAL_Driver/Src/stm32f4xx_hal_pcd.o
                0x000000000800319e                HAL_PCD_Init
 .text.HAL_PCD_Start
                0x00000000080033d8       0x66 ./Drivers/STM32F4xx_HAL_Driver/Src/stm32f4xx_hal_pcd.o
                0x00000000080033d8                HAL_PCD_Start
 .text.HAL_PCD_IRQHandler
                0x000000000800343e      0x93e ./Drivers/STM32F4xx_HAL_Driver/Src/stm32f4xx_hal_pcd.o
                0x000000000800343e                HAL_PCD_IRQHandler
 .text.HAL_PCD_SetAddress
                0x0000000008003d7c       0x4a ./Drivers/STM32F4xx_HAL_Driver/Src/stm32f4xx_hal_pcd.o
                0x0000000008003d7c                HAL_PCD_SetAddress
 .text.HAL_PCD_EP_Open
                0x0000000008003dc6       0xd0 ./Drivers/STM32F4xx_HAL_Driver/Src/stm32f4xx_hal_pcd.o
                0x0000000008003dc6                HAL_PCD_EP_Open
 .text.HAL_PCD_EP_Close
                0x0000000008003e96       0x94 ./Drivers/STM32F4xx_HAL_Driver/Src/stm32f4xx_hal_pcd.o
                0x0000000008003e96                HAL_PCD_EP_Close
 .text.HAL_PCD_EP_Receive
                0x0000000008003f2a       0x96 ./Drivers/STM32F4xx_HAL_Driver/Src/stm32f4xx_hal_pcd.o
                0x0000000008003f2a                HAL_PCD_EP_Receive
 .text.HAL_PCD_EP_GetRxCount
                0x0000000008003fc0       0x30 ./Drivers/STM32F4xx_HAL_Driver/Src/stm32f4xx_hal_pcd.o
                0x0000000008003fc0                HAL_PCD_EP_GetRxCount
 .text.HAL_PCD_EP_Transmit
                0x0000000008003ff0       0x94 ./Drivers/STM32F4xx_HAL_Driver/Src/stm32f4xx_hal_pcd.o
                0x0000000008003ff0                HAL_PCD_EP_Transmit
 .text.HAL_PCD_EP_SetStall
                0x0000000008004084       0xc8 ./Drivers/STM32F4xx_HAL_Driver/Src/stm32f4xx_hal_pcd.o
                0x0000000008004084                HAL_PCD_EP_SetStall
 .text.HAL_PCD_EP_ClrStall
                0x000000000800414c       0xac ./Drivers/STM32F4xx_HAL_Driver/Src/stm32f4xx_hal_pcd.o
                0x000000000800414c                HAL_PCD_EP_ClrStall
 .text.HAL_PCD_EP_Abort
                0x00000000080041f8       0x62 ./Drivers/STM32F4xx_HAL_Driver/Src/stm32f4xx_hal_pcd.o
                0x00000000080041f8                HAL_PCD_EP_Abort
 .text.PCD_WriteEmptyTxFifo
                0x000000000800425a      0x11a ./Drivers/STM32F4xx_HAL_Driver/Src/stm32f4xx_hal_pcd.o
 .text.PCD_EP_OutXfrComplete_int
                0x0000000008004374      0x1d0 ./Drivers/STM32F4xx_HAL_Driver/Src/stm32f4xx_hal_pcd.o
 .text.PCD_EP_OutSetupPacket_int
                0x0000000008004544       0x8c ./Drivers/STM32F4xx_HAL_Driver/Src/stm32f4xx_hal_pcd.o
 .text.HAL_PCDEx_SetTxFiFo
                0x00000000080045d0       0x8e ./Drivers/STM32F4xx_HAL_Driver/Src/stm32f4xx_hal_pcd_ex.o
                0x00000000080045d0                HAL_PCDEx_SetTxFiFo
 .text.HAL_PCDEx_SetRxFiFo
                0x000000000800465e       0x22 ./Drivers/STM32F4xx_HAL_Driver/Src/stm32f4xx_hal_pcd_ex.o
                0x000000000800465e                HAL_PCDEx_SetRxFiFo
 .text.HAL_PCDEx_LPM_Callback
                0x0000000008004680       0x18 ./Drivers/STM32F4xx_HAL_Driver/Src/stm32f4xx_hal_pcd_ex.o
                0x0000000008004680                HAL_PCDEx_LPM_Callback
 .text.HAL_RCC_OscConfig
                0x0000000008004698      0x4f0 ./Drivers/STM32F4xx_HAL_Driver/Src/stm32f4xx_hal_rcc.o
                0x0000000008004698                HAL_RCC_OscConfig
 .text.HAL_RCC_ClockConfig
                0x0000000008004b88      0x1cc ./Drivers/STM32F4xx_HAL_Driver/Src/stm32f4xx_hal_rcc.o
                0x0000000008004b88                HAL_RCC_ClockConfig
 .text.HAL_RCC_GetSysClockFreq
                0x0000000008004d54      0x18c ./Drivers/STM32F4xx_HAL_Driver/Src/stm32f4xx_hal_rcc.o
                0x0000000008004d54                HAL_RCC_GetSysClockFreq
 .text.HAL_RCC_GetHCLKFreq
                0x0000000008004ee0       0x18 ./Drivers/STM32F4xx_HAL_Driver/Src/stm32f4xx_hal_rcc.o
                0x0000000008004ee0                HAL_RCC_GetHCLKFreq
 .text.HAL_RCC_GetPCLK1Freq
                0x0000000008004ef8       0x28 ./Drivers/STM32F4xx_HAL_Driver/Src/stm32f4xx_hal_rcc.o
                0x0000000008004ef8                HAL_RCC_GetPCLK1Freq
 .text.HAL_RCC_GetPCLK2Freq
                0x0000000008004f20       0x28 ./Drivers/STM32F4xx_HAL_Driver/Src/stm32f4xx_hal_rcc.o
                0x0000000008004f20                HAL_RCC_GetPCLK2Freq
 .text.HAL_TIM_Base_Init
                0x0000000008004f48       0x9e ./Drivers/STM32F4xx_HAL_Driver/Src/stm32f4xx_hal_tim.o
                0x0000000008004f48                HAL_TIM_Base_Init
 *fill*         0x0000000008004fe6        0x2 
 .text.HAL_TIM_Base_Start_IT
                0x0000000008004fe8       0xc4 ./Drivers/STM32F4xx_HAL_Driver/Src/stm32f4xx_hal_tim.o
                0x0000000008004fe8                HAL_TIM_Base_Start_IT
 .text.HAL_TIM_PWM_Init
                0x00000000080050ac       0x9e ./Drivers/STM32F4xx_HAL_Driver/Src/stm32f4xx_hal_tim.o
                0x00000000080050ac                HAL_TIM_PWM_Init
 *fill*         0x000000000800514a        0x2 
 .text.HAL_TIM_PWM_Stop
                0x000000000800514c       0xc8 ./Drivers/STM32F4xx_HAL_Driver/Src/stm32f4xx_hal_tim.o
                0x000000000800514c                HAL_TIM_PWM_Stop
 .text.HAL_TIM_PWM_Start_IT
                0x0000000008005214      0x1fc ./Drivers/STM32F4xx_HAL_Driver/Src/stm32f4xx_hal_tim.o
                0x0000000008005214                HAL_TIM_PWM_Start_IT
 .text.HAL_TIM_IRQHandler
                0x0000000008005410      0x210 ./Drivers/STM32F4xx_HAL_Driver/Src/stm32f4xx_hal_tim.o
                0x0000000008005410                HAL_TIM_IRQHandler
 .text.HAL_TIM_PWM_ConfigChannel
                0x0000000008005620      0x184 ./Drivers/STM32F4xx_HAL_Driver/Src/stm32f4xx_hal_tim.o
                0x0000000008005620                HAL_TIM_PWM_ConfigChannel
 .text.HAL_TIM_ConfigClockSource
                0x00000000080057a4      0x18e ./Drivers/STM32F4xx_HAL_Driver/Src/stm32f4xx_hal_tim.o
                0x00000000080057a4                HAL_TIM_ConfigClockSource
 .text.HAL_TIM_PeriodElapsedCallback
                0x0000000008005932       0x14 ./Drivers/STM32F4xx_HAL_Driver/Src/stm32f4xx_hal_tim.o
                0x0000000008005932                HAL_TIM_PeriodElapsedCallback
 .text.HAL_TIM_OC_DelayElapsedCallback
                0x0000000008005946       0x14 ./Drivers/STM32F4xx_HAL_Driver/Src/stm32f4xx_hal_tim.o
                0x0000000008005946                HAL_TIM_OC_DelayElapsedCallback
 .text.HAL_TIM_IC_CaptureCallback
                0x000000000800595a       0x14 ./Drivers/STM32F4xx_HAL_Driver/Src/stm32f4xx_hal_tim.o
                0x000000000800595a                HAL_TIM_IC_CaptureCallback
 .text.HAL_TIM_PWM_PulseFinishedCallback
                0x000000000800596e       0x14 ./Drivers/STM32F4xx_HAL_Driver/Src/stm32f4xx_hal_tim.o
                0x000000000800596e                HAL_TIM_PWM_PulseFinishedCallback
 .text.HAL_TIM_TriggerCallback
                0x0000000008005982       0x14 ./Drivers/STM32F4xx_HAL_Driver/Src/stm32f4xx_hal_tim.o
                0x0000000008005982                HAL_TIM_TriggerCallback
 *fill*         0x0000000008005996        0x2 
 .text.TIM_Base_SetConfig
                0x0000000008005998      0x100 ./Drivers/STM32F4xx_HAL_Driver/Src/stm32f4xx_hal_tim.o
                0x0000000008005998                TIM_Base_SetConfig
 .text.TIM_OC1_SetConfig
                0x0000000008005a98       0xcc ./Drivers/STM32F4xx_HAL_Driver/Src/stm32f4xx_hal_tim.o
 .text.TIM_OC2_SetConfig
                0x0000000008005b64       0xd8 ./Drivers/STM32F4xx_HAL_Driver/Src/stm32f4xx_hal_tim.o
                0x0000000008005b64                TIM_OC2_SetConfig
 .text.TIM_OC3_SetConfig
                0x0000000008005c3c       0xd4 ./Drivers/STM32F4xx_HAL_Driver/Src/stm32f4xx_hal_tim.o
 .text.TIM_OC4_SetConfig
                0x0000000008005d10       0xa0 ./Drivers/STM32F4xx_HAL_Driver/Src/stm32f4xx_hal_tim.o
 .text.TIM_TI1_ConfigInputStage
                0x0000000008005db0       0x5e ./Drivers/STM32F4xx_HAL_Driver/Src/stm32f4xx_hal_tim.o
 .text.TIM_TI2_ConfigInputStage
                0x0000000008005e0e       0x60 ./Drivers/STM32F4xx_HAL_Driver/Src/stm32f4xx_hal_tim.o
 .text.TIM_ITRx_SetConfig
                0x0000000008005e6e       0x36 ./Drivers/STM32F4xx_HAL_Driver/Src/stm32f4xx_hal_tim.o
 .text.TIM_ETR_SetConfig
                0x0000000008005ea4       0x40 ./Drivers/STM32F4xx_HAL_Driver/Src/stm32f4xx_hal_tim.o
                0x0000000008005ea4                TIM_ETR_SetConfig
 .text.TIM_CCxChannelCmd
                0x0000000008005ee4       0x4a ./Drivers/STM32F4xx_HAL_Driver/Src/stm32f4xx_hal_tim.o
                0x0000000008005ee4                TIM_CCxChannelCmd
 *fill*         0x0000000008005f2e        0x2 
 .text.HAL_TIMEx_MasterConfigSynchronization
                0x0000000008005f30       0xdc ./Drivers/STM32F4xx_HAL_Driver/Src/stm32f4xx_hal_tim_ex.o
                0x0000000008005f30                HAL_TIMEx_MasterConfigSynchronization
 .text.HAL_TIMEx_CommutCallback
                0x000000000800600c       0x14 ./Drivers/STM32F4xx_HAL_Driver/Src/stm32f4xx_hal_tim_ex.o
                0x000000000800600c                HAL_TIMEx_CommutCallback
 .text.HAL_TIMEx_BreakCallback
                0x0000000008006020       0x14 ./Drivers/STM32F4xx_HAL_Driver/Src/stm32f4xx_hal_tim_ex.o
                0x0000000008006020                HAL_TIMEx_BreakCallback
 .text.HAL_UART_Init
                0x0000000008006034       0x9a ./Drivers/STM32F4xx_HAL_Driver/Src/stm32f4xx_hal_uart.o
                0x0000000008006034                HAL_UART_Init
 .text.HAL_UART_Transmit
                0x00000000080060ce      0x124 ./Drivers/STM32F4xx_HAL_Driver/Src/stm32f4xx_hal_uart.o
                0x00000000080060ce                HAL_UART_Transmit
 .text.HAL_UART_Receive_IT
                0x00000000080061f2       0x60 ./Drivers/STM32F4xx_HAL_Driver/Src/stm32f4xx_hal_uart.o
                0x00000000080061f2                HAL_UART_Receive_IT
 *fill*         0x0000000008006252        0x2 
 .text.HAL_UART_IRQHandler
                0x0000000008006254      0x51c ./Drivers/STM32F4xx_HAL_Driver/Src/stm32f4xx_hal_uart.o
                0x0000000008006254                HAL_UART_IRQHandler
 .text.HAL_UART_TxCpltCallback
                0x0000000008006770       0x14 ./Drivers/STM32F4xx_HAL_Driver/Src/stm32f4xx_hal_uart.o
                0x0000000008006770                HAL_UART_TxCpltCallback
 .text.HAL_UART_RxCpltCallback
                0x0000000008006784       0x14 ./Drivers/STM32F4xx_HAL_Driver/Src/stm32f4xx_hal_uart.o
                0x0000000008006784                HAL_UART_RxCpltCallback
 .text.HAL_UART_ErrorCallback
                0x0000000008006798       0x14 ./Drivers/STM32F4xx_HAL_Driver/Src/stm32f4xx_hal_uart.o
                0x0000000008006798                HAL_UART_ErrorCallback
 .text.HAL_UARTEx_RxEventCallback
                0x00000000080067ac       0x18 ./Drivers/STM32F4xx_HAL_Driver/Src/stm32f4xx_hal_uart.o
                0x00000000080067ac                HAL_UARTEx_RxEventCallback
 .text.UART_WaitOnFlagUntilTimeout
                0x00000000080067c4       0xdc ./Drivers/STM32F4xx_HAL_Driver/Src/stm32f4xx_hal_uart.o
 .text.UART_Start_Receive_IT
                0x00000000080068a0       0x7c ./Drivers/STM32F4xx_HAL_Driver/Src/stm32f4xx_hal_uart.o
                0x00000000080068a0                UART_Start_Receive_IT
 .text.UART_EndRxTransfer
                0x000000000800691c       0xc6 ./Drivers/STM32F4xx_HAL_Driver/Src/stm32f4xx_hal_uart.o
 .text.UART_DMAAbortOnError
                0x00000000080069e2       0x28 ./Drivers/STM32F4xx_HAL_Driver/Src/stm32f4xx_hal_uart.o
 .text.UART_Transmit_IT
                0x0000000008006a0a       0xa0 ./Drivers/STM32F4xx_HAL_Driver/Src/stm32f4xx_hal_uart.o
 .text.UART_EndTransmit_IT
                0x0000000008006aaa       0x30 ./Drivers/STM32F4xx_HAL_Driver/Src/stm32f4xx_hal_uart.o
 .text.UART_Receive_IT
                0x0000000008006ada      0x176 ./Drivers/STM32F4xx_HAL_Driver/Src/stm32f4xx_hal_uart.o
 .text.UART_SetConfig
                0x0000000008006c50      0x4e8 ./Drivers/STM32F4xx_HAL_Driver/Src/stm32f4xx_hal_uart.o
 .text.USB_CoreInit
                0x0000000008007138       0xc2 ./Drivers/STM32F4xx_HAL_Driver/Src/stm32f4xx_ll_usb.o
                0x0000000008007138                USB_CoreInit
 *fill*         0x00000000080071fa        0x2 
 .text.USB_SetTurnaroundTime
                0x00000000080071fc      0x144 ./Drivers/STM32F4xx_HAL_Driver/Src/stm32f4xx_ll_usb.o
                0x00000000080071fc                USB_SetTurnaroundTime
 .text.USB_EnableGlobalInt
                0x0000000008007340       0x22 ./Drivers/STM32F4xx_HAL_Driver/Src/stm32f4xx_ll_usb.o
                0x0000000008007340                USB_EnableGlobalInt
 .text.USB_DisableGlobalInt
                0x0000000008007362       0x22 ./Drivers/STM32F4xx_HAL_Driver/Src/stm32f4xx_ll_usb.o
                0x0000000008007362                USB_DisableGlobalInt
 .text.USB_SetCurrentMode
                0x0000000008007384       0x98 ./Drivers/STM32F4xx_HAL_Driver/Src/stm32f4xx_ll_usb.o
                0x0000000008007384                USB_SetCurrentMode
 .text.USB_DevInit
                0x000000000800741c      0x2c8 ./Drivers/STM32F4xx_HAL_Driver/Src/stm32f4xx_ll_usb.o
                0x000000000800741c                USB_DevInit
 .text.USB_FlushTxFifo
                0x00000000080076e4       0x68 ./Drivers/STM32F4xx_HAL_Driver/Src/stm32f4xx_ll_usb.o
                0x00000000080076e4                USB_FlushTxFifo
 .text.USB_FlushRxFifo
                0x000000000800774c       0x60 ./Drivers/STM32F4xx_HAL_Driver/Src/stm32f4xx_ll_usb.o
                0x000000000800774c                USB_FlushRxFifo
 .text.USB_SetDevSpeed
                0x00000000080077ac       0x32 ./Drivers/STM32F4xx_HAL_Driver/Src/stm32f4xx_ll_usb.o
                0x00000000080077ac                USB_SetDevSpeed
 .text.USB_GetDevSpeed
                0x00000000080077de       0x4a ./Drivers/STM32F4xx_HAL_Driver/Src/stm32f4xx_ll_usb.o
                0x00000000080077de                USB_GetDevSpeed
 .text.USB_ActivateEndpoint
                0x0000000008007828      0x10e ./Drivers/STM32F4xx_HAL_Driver/Src/stm32f4xx_ll_usb.o
                0x0000000008007828                USB_ActivateEndpoint
 *fill*         0x0000000008007936        0x2 
 .text.USB_DeactivateEndpoint
                0x0000000008007938      0x1b8 ./Drivers/STM32F4xx_HAL_Driver/Src/stm32f4xx_ll_usb.o
                0x0000000008007938                USB_DeactivateEndpoint
 .text.USB_EPStartXfer
                0x0000000008007af0      0x490 ./Drivers/STM32F4xx_HAL_Driver/Src/stm32f4xx_ll_usb.o
                0x0000000008007af0                USB_EPStartXfer
 .text.USB_EP0StartXfer
                0x0000000008007f80      0x2b0 ./Drivers/STM32F4xx_HAL_Driver/Src/stm32f4xx_ll_usb.o
                0x0000000008007f80                USB_EP0StartXfer
 .text.USB_EPStopXfer
                0x0000000008008230      0x154 ./Drivers/STM32F4xx_HAL_Driver/Src/stm32f4xx_ll_usb.o
                0x0000000008008230                USB_EPStopXfer
 .text.USB_WritePacket
                0x0000000008008384       0x7c ./Drivers/STM32F4xx_HAL_Driver/Src/stm32f4xx_ll_usb.o
                0x0000000008008384                USB_WritePacket
 .text.USB_ReadPacket
                0x0000000008008400       0xb0 ./Drivers/STM32F4xx_HAL_Driver/Src/stm32f4xx_ll_usb.o
                0x0000000008008400                USB_ReadPacket
 .text.USB_EPSetStall
                0x00000000080084b0       0xdc ./Drivers/STM32F4xx_HAL_Driver/Src/stm32f4xx_ll_usb.o
                0x00000000080084b0                USB_EPSetStall
 .text.USB_EPClearStall
                0x000000000800858c       0xcc ./Drivers/STM32F4xx_HAL_Driver/Src/stm32f4xx_ll_usb.o
                0x000000000800858c                USB_EPClearStall
 .text.USB_SetDevAddress
                0x0000000008008658       0x4c ./Drivers/STM32F4xx_HAL_Driver/Src/stm32f4xx_ll_usb.o
                0x0000000008008658                USB_SetDevAddress
 .text.USB_DevConnect
                0x00000000080086a4       0x42 ./Drivers/STM32F4xx_HAL_Driver/Src/stm32f4xx_ll_usb.o
                0x00000000080086a4                USB_DevConnect
 .text.USB_DevDisconnect
                0x00000000080086e6       0x42 ./Drivers/STM32F4xx_HAL_Driver/Src/stm32f4xx_ll_usb.o
                0x00000000080086e6                USB_DevDisconnect
 .text.USB_ReadInterrupts
                0x0000000008008728       0x26 ./Drivers/STM32F4xx_HAL_Driver/Src/stm32f4xx_ll_usb.o
                0x0000000008008728                USB_ReadInterrupts
 .text.USB_ReadDevAllOutEpInterrupt
                0x000000000800874e       0x34 ./Drivers/STM32F4xx_HAL_Driver/Src/stm32f4xx_ll_usb.o
                0x000000000800874e                USB_ReadDevAllOutEpInterrupt
 .text.USB_ReadDevAllInEpInterrupt
                0x0000000008008782       0x34 ./Drivers/STM32F4xx_HAL_Driver/Src/stm32f4xx_ll_usb.o
                0x0000000008008782                USB_ReadDevAllInEpInterrupt
 .text.USB_ReadDevOutEPInterrupt
                0x00000000080087b6       0x3c ./Drivers/STM32F4xx_HAL_Driver/Src/stm32f4xx_ll_usb.o
                0x00000000080087b6                USB_ReadDevOutEPInterrupt
 .text.USB_ReadDevInEPInterrupt
                0x00000000080087f2       0x5c ./Drivers/STM32F4xx_HAL_Driver/Src/stm32f4xx_ll_usb.o
                0x00000000080087f2                USB_ReadDevInEPInterrupt
 .text.USB_GetMode
                0x000000000800884e       0x1c ./Drivers/STM32F4xx_HAL_Driver/Src/stm32f4xx_ll_usb.o
                0x000000000800884e                USB_GetMode
 .text.USB_ActivateSetup
                0x000000000800886a       0x46 ./Drivers/STM32F4xx_HAL_Driver/Src/stm32f4xx_ll_usb.o
                0x000000000800886a                USB_ActivateSetup
 .text.USB_EP0_OutStart
                0x00000000080088b0       0xbc ./Drivers/STM32F4xx_HAL_Driver/Src/stm32f4xx_ll_usb.o
                0x00000000080088b0                USB_EP0_OutStart
 .text.USB_CoreReset
                0x000000000800896c       0x68 ./Drivers/STM32F4xx_HAL_Driver/Src/stm32f4xx_ll_usb.o
 .text.USBD_CDC_Init
                0x00000000080089d4      0x1f0 ./Middlewares/ST/STM32_USB_Device_Library/Class/CDC/Src/usbd_cdc.o
 .text.USBD_CDC_DeInit
                0x0000000008008bc4      0x104 ./Middlewares/ST/STM32_USB_Device_Library/Class/CDC/Src/usbd_cdc.o
 .text.USBD_CDC_Setup
                0x0000000008008cc8      0x1b8 ./Middlewares/ST/STM32_USB_Device_Library/Class/CDC/Src/usbd_cdc.o
 .text.USBD_CDC_DataIn
                0x0000000008008e80       0xfe ./Middlewares/ST/STM32_USB_Device_Library/Class/CDC/Src/usbd_cdc.o
 .text.USBD_CDC_DataOut
                0x0000000008008f7e       0x70 ./Middlewares/ST/STM32_USB_Device_Library/Class/CDC/Src/usbd_cdc.o
 .text.USBD_CDC_EP0_RxReady
                0x0000000008008fee       0x76 ./Middlewares/ST/STM32_USB_Device_Library/Class/CDC/Src/usbd_cdc.o
 .text.USBD_CDC_GetFSCfgDesc
                0x0000000008009064       0x70 ./Middlewares/ST/STM32_USB_Device_Library/Class/CDC/Src/usbd_cdc.o
 .text.USBD_CDC_GetHSCfgDesc
                0x00000000080090d4       0x70 ./Middlewares/ST/STM32_USB_Device_Library/Class/CDC/Src/usbd_cdc.o
 .text.USBD_CDC_GetOtherSpeedCfgDesc
                0x0000000008009144       0x70 ./Middlewares/ST/STM32_USB_Device_Library/Class/CDC/Src/usbd_cdc.o
 .text.USBD_CDC_GetDeviceQualifierDescriptor
                0x00000000080091b4       0x20 ./Middlewares/ST/STM32_USB_Device_Library/Class/CDC/Src/usbd_cdc.o
                0x00000000080091b4                USBD_CDC_GetDeviceQualifierDescriptor
 .text.USBD_CDC_RegisterInterface
                0x00000000080091d4       0x34 ./Middlewares/ST/STM32_USB_Device_Library/Class/CDC/Src/usbd_cdc.o
                0x00000000080091d4                USBD_CDC_RegisterInterface
 .text.USBD_CDC_SetTxBuffer
                0x0000000008009208       0x44 ./Middlewares/ST/STM32_USB_Device_Library/Class/CDC/Src/usbd_cdc.o
                0x0000000008009208                USBD_CDC_SetTxBuffer
 .text.USBD_CDC_SetRxBuffer
                0x000000000800924c       0x3a ./Middlewares/ST/STM32_USB_Device_Library/Class/CDC/Src/usbd_cdc.o
                0x000000000800924c                USBD_CDC_SetRxBuffer
 *fill*         0x0000000008009286        0x2 
 .text.USBD_CDC_TransmitPacket
                0x0000000008009288       0x8c ./Middlewares/ST/STM32_USB_Device_Library/Class/CDC/Src/usbd_cdc.o
                0x0000000008009288                USBD_CDC_TransmitPacket
 .text.USBD_CDC_ReceivePacket
                0x0000000008009314       0x6c ./Middlewares/ST/STM32_USB_Device_Library/Class/CDC/Src/usbd_cdc.o
                0x0000000008009314                USBD_CDC_ReceivePacket
 .text.USBD_Init
                0x0000000008009380       0x60 ./Middlewares/ST/STM32_USB_Device_Library/Core/Src/usbd_core.o
                0x0000000008009380                USBD_Init
 .text.USBD_RegisterClass
                0x00000000080093e0       0x6c ./Middlewares/ST/STM32_USB_Device_Library/Core/Src/usbd_core.o
                0x00000000080093e0                USBD_RegisterClass
 .text.USBD_Start
                0x000000000800944c       0x18 ./Middlewares/ST/STM32_USB_Device_Library/Core/Src/usbd_core.o
                0x000000000800944c                USBD_Start
 .text.USBD_RunTestMode
                0x0000000008009464       0x16 ./Middlewares/ST/STM32_USB_Device_Library/Core/Src/usbd_core.o
                0x0000000008009464                USBD_RunTestMode
 .text.USBD_SetClassConfig
                0x000000000800947a       0x38 ./Middlewares/ST/STM32_USB_Device_Library/Core/Src/usbd_core.o
                0x000000000800947a                USBD_SetClassConfig
 .text.USBD_ClrClassConfig
                0x00000000080094b2       0x34 ./Middlewares/ST/STM32_USB_Device_Library/Core/Src/usbd_core.o
                0x00000000080094b2                USBD_ClrClassConfig
 .text.USBD_LL_SetupStage
                0x00000000080094e6       0xaa ./Middlewares/ST/STM32_USB_Device_Library/Core/Src/usbd_core.o
                0x00000000080094e6                USBD_LL_SetupStage
 .text.USBD_LL_DataOutStage
                0x0000000008009590      0x166 ./Middlewares/ST/STM32_USB_Device_Library/Core/Src/usbd_core.o
                0x0000000008009590                USBD_LL_DataOutStage
 .text.USBD_LL_DataInStage
                0x00000000080096f6      0x164 ./Middlewares/ST/STM32_USB_Device_Library/Core/Src/usbd_core.o
                0x00000000080096f6                USBD_LL_DataInStage
 .text.USBD_LL_Reset
                0x000000000800985a       0xa4 ./Middlewares/ST/STM32_USB_Device_Library/Core/Src/usbd_core.o
                0x000000000800985a                USBD_LL_Reset
 .text.USBD_LL_SetSpeed
                0x00000000080098fe       0x20 ./Middlewares/ST/STM32_USB_Device_Library/Core/Src/usbd_core.o
                0x00000000080098fe                USBD_LL_SetSpeed
 .text.USBD_LL_Suspend
                0x000000000800991e       0x2c ./Middlewares/ST/STM32_USB_Device_Library/Core/Src/usbd_core.o
                0x000000000800991e                USBD_LL_Suspend
 .text.USBD_LL_Resume
                0x000000000800994a       0x30 ./Middlewares/ST/STM32_USB_Device_Library/Core/Src/usbd_core.o
                0x000000000800994a                USBD_LL_Resume
 .text.USBD_LL_SOF
                0x000000000800997a       0x40 ./Middlewares/ST/STM32_USB_Device_Library/Core/Src/usbd_core.o
                0x000000000800997a                USBD_LL_SOF
 .text.USBD_LL_IsoINIncomplete
                0x00000000080099ba       0x64 ./Middlewares/ST/STM32_USB_Device_Library/Core/Src/usbd_core.o
                0x00000000080099ba                USBD_LL_IsoINIncomplete
 .text.USBD_LL_IsoOUTIncomplete
                0x0000000008009a1e       0x64 ./Middlewares/ST/STM32_USB_Device_Library/Core/Src/usbd_core.o
                0x0000000008009a1e                USBD_LL_IsoOUTIncomplete
 .text.USBD_LL_DevConnected
                0x0000000008009a82       0x16 ./Middlewares/ST/STM32_USB_Device_Library/Core/Src/usbd_core.o
                0x0000000008009a82                USBD_LL_DevConnected
 .text.USBD_LL_DevDisconnected
                0x0000000008009a98       0x46 ./Middlewares/ST/STM32_USB_Device_Library/Core/Src/usbd_core.o
                0x0000000008009a98                USBD_LL_DevDisconnected
 .text.USBD_CoreFindIF
                0x0000000008009ade       0x1a ./Middlewares/ST/STM32_USB_Device_Library/Core/Src/usbd_core.o
                0x0000000008009ade                USBD_CoreFindIF
 .text.USBD_CoreFindEP
                0x0000000008009af8       0x1a ./Middlewares/ST/STM32_USB_Device_Library/Core/Src/usbd_core.o
                0x0000000008009af8                USBD_CoreFindEP
 .text.USBD_GetEpDesc
                0x0000000008009b12       0x74 ./Middlewares/ST/STM32_USB_Device_Library/Core/Src/usbd_core.o
                0x0000000008009b12                USBD_GetEpDesc
 .text.USBD_GetNextDesc
                0x0000000008009b86       0x3a ./Middlewares/ST/STM32_USB_Device_Library/Core/Src/usbd_core.o
                0x0000000008009b86                USBD_GetNextDesc
 .text.SWAPBYTE
                0x0000000008009bc0       0x3c ./Middlewares/ST/STM32_USB_Device_Library/Core/Src/usbd_ctlreq.o
 .text.USBD_StdDevReq
                0x0000000008009bfc       0xe4 ./Middlewares/ST/STM32_USB_Device_Library/Core/Src/usbd_ctlreq.o
                0x0000000008009bfc                USBD_StdDevReq
 .text.USBD_StdItfReq
                0x0000000008009ce0       0xd8 ./Middlewares/ST/STM32_USB_Device_Library/Core/Src/usbd_ctlreq.o
                0x0000000008009ce0                USBD_StdItfReq
 .text.USBD_StdEPReq
                0x0000000008009db8      0x33a ./Middlewares/ST/STM32_USB_Device_Library/Core/Src/usbd_ctlreq.o
                0x0000000008009db8                USBD_StdEPReq
 *fill*         0x000000000800a0f2        0x2 
 .text.USBD_GetDescriptor
                0x000000000800a0f4      0x2d4 ./Middlewares/ST/STM32_USB_Device_Library/Core/Src/usbd_ctlreq.o
 .text.USBD_SetAddress
                0x000000000800a3c8       0x88 ./Middlewares/ST/STM32_USB_Device_Library/Core/Src/usbd_ctlreq.o
 .text.USBD_SetConfig
                0x000000000800a450      0x154 ./Middlewares/ST/STM32_USB_Device_Library/Core/Src/usbd_ctlreq.o
 .text.USBD_GetConfig
                0x000000000800a5a4       0x6c ./Middlewares/ST/STM32_USB_Device_Library/Core/Src/usbd_ctlreq.o
 .text.USBD_GetStatus
                0x000000000800a610       0x68 ./Middlewares/ST/STM32_USB_Device_Library/Core/Src/usbd_ctlreq.o
 .text.USBD_SetFeature
                0x000000000800a678       0x52 ./Middlewares/ST/STM32_USB_Device_Library/Core/Src/usbd_ctlreq.o
 .text.USBD_ClrFeature
                0x000000000800a6ca       0x44 ./Middlewares/ST/STM32_USB_Device_Library/Core/Src/usbd_ctlreq.o
 .text.USBD_ParseSetupRequest
                0x000000000800a70e       0x74 ./Middlewares/ST/STM32_USB_Device_Library/Core/Src/usbd_ctlreq.o
                0x000000000800a70e                USBD_ParseSetupRequest
 .text.USBD_CtlError
                0x000000000800a782       0x22 ./Middlewares/ST/STM32_USB_Device_Library/Core/Src/usbd_ctlreq.o
                0x000000000800a782                USBD_CtlError
 .text.USBD_GetString
                0x000000000800a7a4       0x8c ./Middlewares/ST/STM32_USB_Device_Library/Core/Src/usbd_ctlreq.o
                0x000000000800a7a4                USBD_GetString
 .text.USBD_GetLen
                0x000000000800a830       0x34 ./Middlewares/ST/STM32_USB_Device_Library/Core/Src/usbd_ctlreq.o
 .text.USBD_CtlSendData
                0x000000000800a864       0x36 ./Middlewares/ST/STM32_USB_Device_Library/Core/Src/usbd_ioreq.o
                0x000000000800a864                USBD_CtlSendData
 .text.USBD_CtlContinueSendData
                0x000000000800a89a       0x22 ./Middlewares/ST/STM32_USB_Device_Library/Core/Src/usbd_ioreq.o
                0x000000000800a89a                USBD_CtlContinueSendData
 .text.USBD_CtlPrepareRx
                0x000000000800a8bc       0x3a ./Middlewares/ST/STM32_USB_Device_Library/Core/Src/usbd_ioreq.o
                0x000000000800a8bc                USBD_CtlPrepareRx
 .text.USBD_CtlContinueRx
                0x000000000800a8f6       0x22 ./Middlewares/ST/STM32_USB_Device_Library/Core/Src/usbd_ioreq.o
                0x000000000800a8f6                USBD_CtlContinueRx
 .text.USBD_CtlSendStatus
                0x000000000800a918       0x26 ./Middlewares/ST/STM32_USB_Device_Library/Core/Src/usbd_ioreq.o
                0x000000000800a918                USBD_CtlSendStatus
 .text.USBD_CtlReceiveStatus
                0x000000000800a93e       0x26 ./Middlewares/ST/STM32_USB_Device_Library/Core/Src/usbd_ioreq.o
                0x000000000800a93e                USBD_CtlReceiveStatus
 .text.MX_USB_DEVICE_Init
                0x000000000800a964       0x60 ./USB_DEVICE/App/usb_device.o
                0x000000000800a964                MX_USB_DEVICE_Init
 .text.CDC_Init_FS
                0x000000000800a9c4       0x28 ./USB_DEVICE/App/usbd_cdc_if.o
 .text.CDC_DeInit_FS
                0x000000000800a9ec       0x10 ./USB_DEVICE/App/usbd_cdc_if.o
 .text.CDC_Control_FS
                0x000000000800a9fc       0xbc ./USB_DEVICE/App/usbd_cdc_if.o
 .text.CDC_Receive_FS
                0x000000000800aab8       0x28 ./USB_DEVICE/App/usbd_cdc_if.o
 .text.CDC_Transmit_FS
                0x000000000800aae0       0x4c ./USB_DEVICE/App/usbd_cdc_if.o
                0x000000000800aae0                CDC_Transmit_FS
 .text.CDC_TransmitCplt_FS
                0x000000000800ab2c       0x22 ./USB_DEVICE/App/usbd_cdc_if.o
 *fill*         0x000000000800ab4e        0x2 
 .text.USBD_FS_DeviceDescriptor
                0x000000000800ab50       0x24 ./USB_DEVICE/App/usbd_desc.o
                0x000000000800ab50                USBD_FS_DeviceDescriptor
 .text.USBD_FS_LangIDStrDescriptor
                0x000000000800ab74       0x24 ./USB_DEVICE/App/usbd_desc.o
                0x000000000800ab74                USBD_FS_LangIDStrDescriptor
 .text.USBD_FS_ProductStrDescriptor
                0x000000000800ab98       0x3c ./USB_DEVICE/App/usbd_desc.o
                0x000000000800ab98                USBD_FS_ProductStrDescriptor
 .text.USBD_FS_ManufacturerStrDescriptor
                0x000000000800abd4       0x28 ./USB_DEVICE/App/usbd_desc.o
                0x000000000800abd4                USBD_FS_ManufacturerStrDescriptor
 .text.USBD_FS_SerialStrDescriptor
                0x000000000800abfc       0x24 ./USB_DEVICE/App/usbd_desc.o
                0x000000000800abfc                USBD_FS_SerialStrDescriptor
 .text.USBD_FS_ConfigStrDescriptor
                0x000000000800ac20       0x3c ./USB_DEVICE/App/usbd_desc.o
                0x000000000800ac20                USBD_FS_ConfigStrDescriptor
 .text.USBD_FS_InterfaceStrDescriptor
                0x000000000800ac5c       0x3c ./USB_DEVICE/App/usbd_desc.o
                0x000000000800ac5c                USBD_FS_InterfaceStrDescriptor
 .text.Get_SerialNum
                0x000000000800ac98       0x58 ./USB_DEVICE/App/usbd_desc.o
 .text.IntToUnicode
                0x000000000800acf0       0x7e ./USB_DEVICE/App/usbd_desc.o
 *fill*         0x000000000800ad6e        0x2 
 .text.HAL_PCD_MspInit
                0x000000000800ad70       0xa8 ./USB_DEVICE/Target/usbd_conf.o
                0x000000000800ad70                HAL_PCD_MspInit
 .text.HAL_PCD_SetupStageCallback
                0x000000000800ae18       0x24 ./USB_DEVICE/Target/usbd_conf.o
                0x000000000800ae18                HAL_PCD_SetupStageCallback
 .text.HAL_PCD_DataOutStageCallback
                0x000000000800ae3c       0x36 ./USB_DEVICE/Target/usbd_conf.o
                0x000000000800ae3c                HAL_PCD_DataOutStageCallback
 .text.HAL_PCD_DataInStageCallback
                0x000000000800ae72       0x34 ./USB_DEVICE/Target/usbd_conf.o
                0x000000000800ae72                HAL_PCD_DataInStageCallback
 .text.HAL_PCD_SOFCallback
                0x000000000800aea6       0x1c ./USB_DEVICE/Target/usbd_conf.o
                0x000000000800aea6                HAL_PCD_SOFCallback
 .text.HAL_PCD_ResetCallback
                0x000000000800aec2       0x3c ./USB_DEVICE/Target/usbd_conf.o
                0x000000000800aec2                HAL_PCD_ResetCallback
 *fill*         0x000000000800aefe        0x2 
 .text.HAL_PCD_SuspendCallback
                0x000000000800af00       0x4c ./USB_DEVICE/Target/usbd_conf.o
                0x000000000800af00                HAL_PCD_SuspendCallback
 .text.HAL_PCD_ResumeCallback
                0x000000000800af4c       0x1c ./USB_DEVICE/Target/usbd_conf.o
                0x000000000800af4c                HAL_PCD_ResumeCallback
 .text.HAL_PCD_ISOOUTIncompleteCallback
                0x000000000800af68       0x24 ./USB_DEVICE/Target/usbd_conf.o
                0x000000000800af68                HAL_PCD_ISOOUTIncompleteCallback
 .text.HAL_PCD_ISOINIncompleteCallback
                0x000000000800af8c       0x24 ./USB_DEVICE/Target/usbd_conf.o
                0x000000000800af8c                HAL_PCD_ISOINIncompleteCallback
 .text.HAL_PCD_ConnectCallback
                0x000000000800afb0       0x1c ./USB_DEVICE/Target/usbd_conf.o
                0x000000000800afb0                HAL_PCD_ConnectCallback
 .text.HAL_PCD_DisconnectCallback
                0x000000000800afcc       0x1c ./USB_DEVICE/Target/usbd_conf.o
                0x000000000800afcc                HAL_PCD_DisconnectCallback
 .text.USBD_LL_Init
                0x000000000800afe8       0x98 ./USB_DEVICE/Target/usbd_conf.o
                0x000000000800afe8                USBD_LL_Init
 .text.USBD_LL_Start
                0x000000000800b080       0x36 ./USB_DEVICE/Target/usbd_conf.o
                0x000000000800b080                USBD_LL_Start
 .text.USBD_LL_OpenEP
                0x000000000800b0b6       0x4c ./USB_DEVICE/Target/usbd_conf.o
                0x000000000800b0b6                USBD_LL_OpenEP
 .text.USBD_LL_CloseEP
                0x000000000800b102       0x3e ./USB_DEVICE/Target/usbd_conf.o
                0x000000000800b102                USBD_LL_CloseEP
 .text.USBD_LL_StallEP
                0x000000000800b140       0x3e ./USB_DEVICE/Target/usbd_conf.o
                0x000000000800b140                USBD_LL_StallEP
 .text.USBD_LL_ClearStallEP
                0x000000000800b17e       0x3e ./USB_DEVICE/Target/usbd_conf.o
                0x000000000800b17e                USBD_LL_ClearStallEP
 .text.USBD_LL_IsStallEP
                0x000000000800b1bc       0x58 ./USB_DEVICE/Target/usbd_conf.o
                0x000000000800b1bc                USBD_LL_IsStallEP
 .text.USBD_LL_SetUSBAddress
                0x000000000800b214       0x3e ./USB_DEVICE/Target/usbd_conf.o
                0x000000000800b214                USBD_LL_SetUSBAddress
 .text.USBD_LL_Transmit
                0x000000000800b252       0x42 ./USB_DEVICE/Target/usbd_conf.o
                0x000000000800b252                USBD_LL_Transmit
 .text.USBD_LL_PrepareReceive
                0x000000000800b294       0x42 ./USB_DEVICE/Target/usbd_conf.o
                0x000000000800b294                USBD_LL_PrepareReceive
 .text.USBD_LL_GetRxDataSize
                0x000000000800b2d6       0x26 ./USB_DEVICE/Target/usbd_conf.o
                0x000000000800b2d6                USBD_LL_GetRxDataSize
 .text.USBD_static_malloc
                0x000000000800b2fc       0x1c ./USB_DEVICE/Target/usbd_conf.o
                0x000000000800b2fc                USBD_static_malloc
 .text.USBD_static_free
                0x000000000800b318       0x14 ./USB_DEVICE/Target/usbd_conf.o
                0x000000000800b318                USBD_static_free
 .text.USBD_Get_USB_Status
                0x000000000800b32c       0x58 ./USB_DEVICE/Target/usbd_conf.o
                0x000000000800b32c                USBD_Get_USB_Status
 .text.__errno  0x000000000800b384        0xc c:/soft/stm32cubeide_1.12.0/stm32cubeide/plugins/com.st.stm32cube.ide.mcu.externaltools.gnu-tools-for-stm32.10.3-2021.10.win32_1.0.200.202301161003/tools/bin/../lib/gcc/arm-none-eabi/10.3.1/../../../../arm-none-eabi/lib/thumb/v7e-m+fp/hard\libc_nano.a(lib_a-errno.o)
                0x000000000800b384                __errno
 .text.__libc_init_array
                0x000000000800b390       0x48 c:/soft/stm32cubeide_1.12.0/stm32cubeide/plugins/com.st.stm32cube.ide.mcu.externaltools.gnu-tools-for-stm32.10.3-2021.10.win32_1.0.200.202301161003/tools/bin/../lib/gcc/arm-none-eabi/10.3.1/../../../../arm-none-eabi/lib/thumb/v7e-m+fp/hard\libc_nano.a(lib_a-init.o)
                0x000000000800b390                __libc_init_array
 .text.memset   0x000000000800b3d8       0x10 c:/soft/stm32cubeide_1.12.0/stm32cubeide/plugins/com.st.stm32cube.ide.mcu.externaltools.gnu-tools-for-stm32.10.3-2021.10.win32_1.0.200.202301161003/tools/bin/../lib/gcc/arm-none-eabi/10.3.1/../../../../arm-none-eabi/lib/thumb/v7e-m+fp/hard\libc_nano.a(lib_a-memset.o)
                0x000000000800b3d8                memset
 .text.pow      0x000000000800b3e8       0xe0 c:/soft/stm32cubeide_1.12.0/stm32cubeide/plugins/com.st.stm32cube.ide.mcu.externaltools.gnu-tools-for-stm32.10.3-2021.10.win32_1.0.200.202301161003/tools/bin/../lib/gcc/arm-none-eabi/10.3.1/../../../../arm-none-eabi/lib/thumb/v7e-m+fp/hard\libm.a(lib_a-w_pow.o)
                0x000000000800b3e8                pow
 .text.sqrt     0x000000000800b4c8       0x58 c:/soft/stm32cubeide_1.12.0/stm32cubeide/plugins/com.st.stm32cube.ide.mcu.externaltools.gnu-tools-for-stm32.10.3-2021.10.win32_1.0.200.202301161003/tools/bin/../lib/gcc/arm-none-eabi/10.3.1/../../../../arm-none-eabi/lib/thumb/v7e-m+fp/hard\libm.a(lib_a-w_sqrt.o)
                0x000000000800b4c8                sqrt
 .text.__ieee754_pow
                0x000000000800b520      0xa5c c:/soft/stm32cubeide_1.12.0/stm32cubeide/plugins/com.st.stm32cube.ide.mcu.externaltools.gnu-tools-for-stm32.10.3-2021.10.win32_1.0.200.202301161003/tools/bin/../lib/gcc/arm-none-eabi/10.3.1/../../../../arm-none-eabi/lib/thumb/v7e-m+fp/hard\libm.a(lib_a-e_pow.o)
                0x000000000800b520                __ieee754_pow
 .text.__ieee754_sqrt
                0x000000000800bf7c      0x164 c:/soft/stm32cubeide_1.12.0/stm32cubeide/plugins/com.st.stm32cube.ide.mcu.externaltools.gnu-tools-for-stm32.10.3-2021.10.win32_1.0.200.202301161003/tools/bin/../lib/gcc/arm-none-eabi/10.3.1/../../../../arm-none-eabi/lib/thumb/v7e-m+fp/hard\libm.a(lib_a-e_sqrt.o)
                0x000000000800bf7c                __ieee754_sqrt
 .text.with_errno
                0x000000000800c0e0       0x14 c:/soft/stm32cubeide_1.12.0/stm32cubeide/plugins/com.st.stm32cube.ide.mcu.externaltools.gnu-tools-for-stm32.10.3-2021.10.win32_1.0.200.202301161003/tools/bin/../lib/gcc/arm-none-eabi/10.3.1/../../../../arm-none-eabi/lib/thumb/v7e-m+fp/hard\libm.a(lib_a-math_err.o)
 .text.xflow    0x000000000800c0f4       0x28 c:/soft/stm32cubeide_1.12.0/stm32cubeide/plugins/com.st.stm32cube.ide.mcu.externaltools.gnu-tools-for-stm32.10.3-2021.10.win32_1.0.200.202301161003/tools/bin/../lib/gcc/arm-none-eabi/10.3.1/../../../../arm-none-eabi/lib/thumb/v7e-m+fp/hard\libm.a(lib_a-math_err.o)
 .text.__math_uflow
                0x000000000800c11c       0x12 c:/soft/stm32cubeide_1.12.0/stm32cubeide/plugins/com.st.stm32cube.ide.mcu.externaltools.gnu-tools-for-stm32.10.3-2021.10.win32_1.0.200.202301161003/tools/bin/../lib/gcc/arm-none-eabi/10.3.1/../../../../arm-none-eabi/lib/thumb/v7e-m+fp/hard\libm.a(lib_a-math_err.o)
                0x000000000800c11c                __math_uflow
 .text.__math_oflow
                0x000000000800c12e       0x12 c:/soft/stm32cubeide_1.12.0/stm32cubeide/plugins/com.st.stm32cube.ide.mcu.externaltools.gnu-tools-for-stm32.10.3-2021.10.win32_1.0.200.202301161003/tools/bin/../lib/gcc/arm-none-eabi/10.3.1/../../../../arm-none-eabi/lib/thumb/v7e-m+fp/hard\libm.a(lib_a-math_err.o)
                0x000000000800c12e                __math_oflow
 .text.fabs     0x000000000800c140       0x12 c:/soft/stm32cubeide_1.12.0/stm32cubeide/plugins/com.st.stm32cube.ide.mcu.externaltools.gnu-tools-for-stm32.10.3-2021.10.win32_1.0.200.202301161003/tools/bin/../lib/gcc/arm-none-eabi/10.3.1/../../../../arm-none-eabi/lib/thumb/v7e-m+fp/hard\libm.a(lib_a-s_fabs.o)
                0x000000000800c140                fabs
 .text.finite   0x000000000800c152       0x16 c:/soft/stm32cubeide_1.12.0/stm32cubeide/plugins/com.st.stm32cube.ide.mcu.externaltools.gnu-tools-for-stm32.10.3-2021.10.win32_1.0.200.202301161003/tools/bin/../lib/gcc/arm-none-eabi/10.3.1/../../../../arm-none-eabi/lib/thumb/v7e-m+fp/hard\libm.a(lib_a-s_finite.o)
                0x000000000800c152                finite
 .text.scalbn   0x000000000800c168      0x10c c:/soft/stm32cubeide_1.12.0/stm32cubeide/plugins/com.st.stm32cube.ide.mcu.externaltools.gnu-tools-for-stm32.10.3-2021.10.win32_1.0.200.202301161003/tools/bin/../lib/gcc/arm-none-eabi/10.3.1/../../../../arm-none-eabi/lib/thumb/v7e-m+fp/hard\libm.a(lib_a-s_scalbn.o)
                0x000000000800c168                scalbn
 *(.glue_7)
 .glue_7        0x000000000800c274        0x0 linker stubs
 *(.glue_7t)
 .glue_7t       0x000000000800c274        0x0 linker stubs
 *(.eh_frame)
 .eh_frame      0x000000000800c274        0x0 c:/soft/stm32cubeide_1.12.0/stm32cubeide/plugins/com.st.stm32cube.ide.mcu.externaltools.gnu-tools-for-stm32.10.3-2021.10.win32_1.0.200.202301161003/tools/bin/../lib/gcc/arm-none-eabi/10.3.1/thumb/v7e-m+fp/hard/crtbegin.o
 *(.init)
 .init          0x000000000800c274        0x4 c:/soft/stm32cubeide_1.12.0/stm32cubeide/plugins/com.st.stm32cube.ide.mcu.externaltools.gnu-tools-for-stm32.10.3-2021.10.win32_1.0.200.202301161003/tools/bin/../lib/gcc/arm-none-eabi/10.3.1/thumb/v7e-m+fp/hard/crti.o
                0x000000000800c274                _init
 .init          0x000000000800c278        0x8 c:/soft/stm32cubeide_1.12.0/stm32cubeide/plugins/com.st.stm32cube.ide.mcu.externaltools.gnu-tools-for-stm32.10.3-2021.10.win32_1.0.200.202301161003/tools/bin/../lib/gcc/arm-none-eabi/10.3.1/thumb/v7e-m+fp/hard/crtn.o
 *(.fini)
 .fini          0x000000000800c280        0x4 c:/soft/stm32cubeide_1.12.0/stm32cubeide/plugins/com.st.stm32cube.ide.mcu.externaltools.gnu-tools-for-stm32.10.3-2021.10.win32_1.0.200.202301161003/tools/bin/../lib/gcc/arm-none-eabi/10.3.1/thumb/v7e-m+fp/hard/crti.o
                0x000000000800c280                _fini
 .fini          0x000000000800c284        0x8 c:/soft/stm32cubeide_1.12.0/stm32cubeide/plugins/com.st.stm32cube.ide.mcu.externaltools.gnu-tools-for-stm32.10.3-2021.10.win32_1.0.200.202301161003/tools/bin/../lib/gcc/arm-none-eabi/10.3.1/thumb/v7e-m+fp/hard/crtn.o
                0x000000000800c28c                . = ALIGN (0x4)
                0x000000000800c28c                _etext = .

.vfp11_veneer   0x000000000800c28c        0x0
 .vfp11_veneer  0x000000000800c28c        0x0 linker stubs

.v4_bx          0x000000000800c28c        0x0
 .v4_bx         0x000000000800c28c        0x0 linker stubs

.iplt           0x000000000800c28c        0x0
 .iplt          0x000000000800c28c        0x0 c:/soft/stm32cubeide_1.12.0/stm32cubeide/plugins/com.st.stm32cube.ide.mcu.externaltools.gnu-tools-for-stm32.10.3-2021.10.win32_1.0.200.202301161003/tools/bin/../lib/gcc/arm-none-eabi/10.3.1/thumb/v7e-m+fp/hard/crtbegin.o

.rodata         0x000000000800c290       0x90
                0x000000000800c290                . = ALIGN (0x4)
 *(.rodata)
 .rodata        0x000000000800c290       0x46 ./USB_DEVICE/App/usbd_desc.o
 *(.rodata*)
 *fill*         0x000000000800c2d6        0x2 
 .rodata.AHBPrescTable
                0x000000000800c2d8       0x10 ./Core/Src/system_stm32f4xx.o
                0x000000000800c2d8                AHBPrescTable
 .rodata.APBPrescTable
                0x000000000800c2e8        0x8 ./Core/Src/system_stm32f4xx.o
                0x000000000800c2e8                APBPrescTable
 .rodata.bp     0x000000000800c2f0       0x10 c:/soft/stm32cubeide_1.12.0/stm32cubeide/plugins/com.st.stm32cube.ide.mcu.externaltools.gnu-tools-for-stm32.10.3-2021.10.win32_1.0.200.202301161003/tools/bin/../lib/gcc/arm-none-eabi/10.3.1/../../../../arm-none-eabi/lib/thumb/v7e-m+fp/hard\libm.a(lib_a-e_pow.o)
 .rodata.dp_h   0x000000000800c300       0x10 c:/soft/stm32cubeide_1.12.0/stm32cubeide/plugins/com.st.stm32cube.ide.mcu.externaltools.gnu-tools-for-stm32.10.3-2021.10.win32_1.0.200.202301161003/tools/bin/../lib/gcc/arm-none-eabi/10.3.1/../../../../arm-none-eabi/lib/thumb/v7e-m+fp/hard\libm.a(lib_a-e_pow.o)
 .rodata.dp_l   0x000000000800c310       0x10 c:/soft/stm32cubeide_1.12.0/stm32cubeide/plugins/com.st.stm32cube.ide.mcu.externaltools.gnu-tools-for-stm32.10.3-2021.10.win32_1.0.200.202301161003/tools/bin/../lib/gcc/arm-none-eabi/10.3.1/../../../../arm-none-eabi/lib/thumb/v7e-m+fp/hard\libm.a(lib_a-e_pow.o)
                0x000000000800c320                . = ALIGN (0x4)

.ARM.extab      0x000000000800c320        0x0
                0x000000000800c320                . = ALIGN (0x4)
 *(.ARM.extab* .gnu.linkonce.armextab.*)
                0x000000000800c320                . = ALIGN (0x4)

.ARM            0x000000000800c320        0x8
                0x000000000800c320                . = ALIGN (0x4)
                0x000000000800c320                __exidx_start = .
 *(.ARM.exidx*)
 .ARM.exidx     0x000000000800c320        0x8 c:/soft/stm32cubeide_1.12.0/stm32cubeide/plugins/com.st.stm32cube.ide.mcu.externaltools.gnu-tools-for-stm32.10.3-2021.10.win32_1.0.200.202301161003/tools/bin/../lib/gcc/arm-none-eabi/10.3.1/thumb/v7e-m+fp/hard\libgcc.a(_udivmoddi4.o)
                0x000000000800c328                __exidx_end = .
                0x000000000800c328                . = ALIGN (0x4)

.rel.dyn        0x000000000800c328        0x0
 .rel.iplt      0x000000000800c328        0x0 c:/soft/stm32cubeide_1.12.0/stm32cubeide/plugins/com.st.stm32cube.ide.mcu.externaltools.gnu-tools-for-stm32.10.3-2021.10.win32_1.0.200.202301161003/tools/bin/../lib/gcc/arm-none-eabi/10.3.1/thumb/v7e-m+fp/hard/crtbegin.o

.preinit_array  0x000000000800c328        0x0
                0x000000000800c328                . = ALIGN (0x4)
                0x000000000800c328                PROVIDE (__preinit_array_start = .)
 *(.preinit_array*)
                0x000000000800c328                PROVIDE (__preinit_array_end = .)
                0x000000000800c328                . = ALIGN (0x4)

.init_array     0x000000000800c328        0x4
                0x000000000800c328                . = ALIGN (0x4)
                0x000000000800c328                PROVIDE (__init_array_start = .)
 *(SORT_BY_NAME(.init_array.*))
 *(.init_array*)
 .init_array    0x000000000800c328        0x4 c:/soft/stm32cubeide_1.12.0/stm32cubeide/plugins/com.st.stm32cube.ide.mcu.externaltools.gnu-tools-for-stm32.10.3-2021.10.win32_1.0.200.202301161003/tools/bin/../lib/gcc/arm-none-eabi/10.3.1/thumb/v7e-m+fp/hard/crtbegin.o
                0x000000000800c32c                PROVIDE (__init_array_end = .)
                0x000000000800c32c                . = ALIGN (0x4)

.fini_array     0x000000000800c32c        0x4
                0x000000000800c32c                . = ALIGN (0x4)
                [!provide]                        PROVIDE (__fini_array_start = .)
 *(SORT_BY_NAME(.fini_array.*))
 *(.fini_array*)
 .fini_array    0x000000000800c32c        0x4 c:/soft/stm32cubeide_1.12.0/stm32cubeide/plugins/com.st.stm32cube.ide.mcu.externaltools.gnu-tools-for-stm32.10.3-2021.10.win32_1.0.200.202301161003/tools/bin/../lib/gcc/arm-none-eabi/10.3.1/thumb/v7e-m+fp/hard/crtbegin.o
                [!provide]                        PROVIDE (__fini_array_end = .)
                0x000000000800c330                . = ALIGN (0x4)
                0x000000000800c330                _sidata = LOADADDR (.data)

.data           0x0000000020000000      0x164 load address 0x000000000800c330
                0x0000000020000000                . = ALIGN (0x4)
                0x0000000020000000                _sdata = .
 *(.data)
 *(.data*)
 .data.jieshou1zongchangdu
                0x0000000020000000        0x1 ./Core/Src/achuankou.o
                0x0000000020000000                jieshou1zongchangdu
 *fill*         0x0000000020000001        0x3 
 .data.SystemCoreClock
                0x0000000020000004        0x4 ./Core/Src/system_stm32f4xx.o
                0x0000000020000004                SystemCoreClock
 .data.uwTickPrio
                0x0000000020000008        0x4 ./Drivers/STM32F4xx_HAL_Driver/Src/stm32f4xx_hal.o
                0x0000000020000008                uwTickPrio
 .data.uwTickFreq
                0x000000002000000c        0x1 ./Drivers/STM32F4xx_HAL_Driver/Src/stm32f4xx_hal.o
                0x000000002000000c                uwTickFreq
 *fill*         0x000000002000000d        0x3 
 .data.USBD_CDC_DeviceQualifierDesc
                0x0000000020000010        0xa ./Middlewares/ST/STM32_USB_Device_Library/Class/CDC/Src/usbd_cdc.o
 *fill*         0x000000002000001a        0x2 
 .data.USBD_CDC
                0x000000002000001c       0x38 ./Middlewares/ST/STM32_USB_Device_Library/Class/CDC/Src/usbd_cdc.o
                0x000000002000001c                USBD_CDC
 .data.USBD_CDC_CfgDesc
                0x0000000020000054       0x43 ./Middlewares/ST/STM32_USB_Device_Library/Class/CDC/Src/usbd_cdc.o
 .data.CDCInEpAdd
                0x0000000020000097        0x1 ./Middlewares/ST/STM32_USB_Device_Library/Class/CDC/Src/usbd_cdc.o
 .data.CDCOutEpAdd
                0x0000000020000098        0x1 ./Middlewares/ST/STM32_USB_Device_Library/Class/CDC/Src/usbd_cdc.o
 .data.CDCCmdEpAdd
                0x0000000020000099        0x1 ./Middlewares/ST/STM32_USB_Device_Library/Class/CDC/Src/usbd_cdc.o
 *fill*         0x000000002000009a        0x2 
 .data.USBD_Interface_fops_FS
                0x000000002000009c       0x14 ./USB_DEVICE/App/usbd_cdc_if.o
                0x000000002000009c                USBD_Interface_fops_FS
 .data.FS_Desc  0x00000000200000b0       0x1c ./USB_DEVICE/App/usbd_desc.o
                0x00000000200000b0                FS_Desc
 .data.USBD_FS_DeviceDesc
                0x00000000200000cc       0x12 ./USB_DEVICE/App/usbd_desc.o
                0x00000000200000cc                USBD_FS_DeviceDesc
 *fill*         0x00000000200000de        0x2 
 .data.USBD_LangIDDesc
                0x00000000200000e0        0x4 ./USB_DEVICE/App/usbd_desc.o
                0x00000000200000e0                USBD_LangIDDesc
 .data.USBD_StringSerial
                0x00000000200000e4       0x1a ./USB_DEVICE/App/usbd_desc.o
                0x00000000200000e4                USBD_StringSerial
 *fill*         0x00000000200000fe        0x2 
 .data._impure_ptr
                0x0000000020000100        0x4 c:/soft/stm32cubeide_1.12.0/stm32cubeide/plugins/com.st.stm32cube.ide.mcu.externaltools.gnu-tools-for-stm32.10.3-2021.10.win32_1.0.200.202301161003/tools/bin/../lib/gcc/arm-none-eabi/10.3.1/../../../../arm-none-eabi/lib/thumb/v7e-m+fp/hard\libc_nano.a(lib_a-impure.o)
                0x0000000020000100                _impure_ptr
 .data.impure_data
                0x0000000020000104       0x60 c:/soft/stm32cubeide_1.12.0/stm32cubeide/plugins/com.st.stm32cube.ide.mcu.externaltools.gnu-tools-for-stm32.10.3-2021.10.win32_1.0.200.202301161003/tools/bin/../lib/gcc/arm-none-eabi/10.3.1/../../../../arm-none-eabi/lib/thumb/v7e-m+fp/hard\libc_nano.a(lib_a-impure.o)
 *(.RamFunc)
 *(.RamFunc*)
                0x0000000020000164                . = ALIGN (0x4)
                0x0000000020000164                _edata = .

.igot.plt       0x0000000020000164        0x0 load address 0x000000000800c494
 .igot.plt      0x0000000020000164        0x0 c:/soft/stm32cubeide_1.12.0/stm32cubeide/plugins/com.st.stm32cube.ide.mcu.externaltools.gnu-tools-for-stm32.10.3-2021.10.win32_1.0.200.202301161003/tools/bin/../lib/gcc/arm-none-eabi/10.3.1/thumb/v7e-m+fp/hard/crtbegin.o
                0x0000000020000164                . = ALIGN (0x4)

.bss            0x0000000020000168     0x1854 load address 0x000000000800c494
                0x0000000020000168                _sbss = .
                0x0000000020000168                __bss_start__ = _sbss
 *(.bss)
 .bss           0x0000000020000168       0x1c c:/soft/stm32cubeide_1.12.0/stm32cubeide/plugins/com.st.stm32cube.ide.mcu.externaltools.gnu-tools-for-stm32.10.3-2021.10.win32_1.0.200.202301161003/tools/bin/../lib/gcc/arm-none-eabi/10.3.1/thumb/v7e-m+fp/hard/crtbegin.o
 *(.bss*)
 *fill*         0x0000000020000184        0x4 
 .bss.dianji    0x0000000020000188      0x140 ./Core/Src/abujindianjipwm.o
                0x0000000020000188                dianji
 .bss.jieshou1  0x00000000200002c8       0x1e ./Core/Src/achuankou.o
                0x00000000200002c8                jieshou1
 *fill*         0x00000000200002e6        0x2 
 .bss.uartdata  0x00000000200002e8        0xa ./Core/Src/achuankou.o
                0x00000000200002e8                uartdata
 *fill*         0x00000000200002f2        0x2 
 .bss.jieshou1changdu
                0x00000000200002f4        0x4 ./Core/Src/achuankou.o
                0x00000000200002f4                jieshou1changdu
 .bss.jieshou1tim
                0x00000000200002f8        0x4 ./Core/Src/achuankou.o
                0x00000000200002f8                jieshou1tim
 .bss.shuzidaowenbenwenben
                0x00000000200002fc       0x14 ./Core/Src/achuankou.o
                0x00000000200002fc                shuzidaowenbenwenben
 .bss.shuzidaowenbenlinshi
                0x0000000020000310       0x14 ./Core/Src/achuankou.o
                0x0000000020000310                shuzidaowenbenlinshi
 .bss.zi        0x0000000020000324       0x64 ./Core/Src/main.o
                0x0000000020000324                zi
 .bss.zilen     0x0000000020000388        0x1 ./Core/Src/main.o
                0x0000000020000388                zilen
 *fill*         0x0000000020000389        0x7 
 .bss.jici      0x0000000020000390        0x8 ./Core/Src/main.o
                0x0000000020000390                jici
 .bss.xitongshijian
                0x0000000020000398        0x8 ./Core/Src/main.o
                0x0000000020000398                xitongshijian
 .bss.zhoushijiweizhi
                0x00000000200003a0       0x50 ./Core/Src/main.o
                0x00000000200003a0                zhoushijiweizhi
 .bss.zhouyudingweizhi
                0x00000000200003f0       0x50 ./Core/Src/main.o
                0x00000000200003f0                zhouyudingweizhi
 .bss.zhouqishiweizhi
                0x0000000020000440       0x50 ./Core/Src/main.o
                0x0000000020000440                zhouqishiweizhi
 .bss.htim1     0x0000000020000490       0x48 ./Core/Src/main.o
                0x0000000020000490                htim1
 .bss.htim9     0x00000000200004d8       0x48 ./Core/Src/main.o
                0x00000000200004d8                htim9
 .bss.htim11    0x0000000020000520       0x48 ./Core/Src/main.o
                0x0000000020000520                htim11
 .bss.huart1    0x0000000020000568       0x44 ./Core/Src/main.o
                0x0000000020000568                huart1
 .bss.uwTick    0x00000000200005ac        0x4 ./Drivers/STM32F4xx_HAL_Driver/Src/stm32f4xx_hal.o
                0x00000000200005ac                uwTick
 .bss.cfgidx.0  0x00000000200005b0        0x1 ./Middlewares/ST/STM32_USB_Device_Library/Core/Src/usbd_ctlreq.o
 *fill*         0x00000000200005b1        0x3 
 .bss.hUsbDeviceFS
                0x00000000200005b4      0x2dc ./USB_DEVICE/App/usb_device.o
                0x00000000200005b4                hUsbDeviceFS
 .bss.UserRxBufferFS
                0x0000000020000890      0x400 ./USB_DEVICE/App/usbd_cdc_if.o
                0x0000000020000890                UserRxBufferFS
 .bss.UserTxBufferFS
                0x0000000020000c90      0x400 ./USB_DEVICE/App/usbd_cdc_if.o
                0x0000000020000c90                UserTxBufferFS
 .bss.USBD_StrDesc
                0x0000000020001090      0x200 ./USB_DEVICE/App/usbd_desc.o
                0x0000000020001090                USBD_StrDesc
 .bss.hpcd_USB_OTG_FS
                0x0000000020001290      0x50c ./USB_DEVICE/Target/usbd_conf.o
                0x0000000020001290                hpcd_USB_OTG_FS
 .bss.mem.0     0x000000002000179c      0x220 ./USB_DEVICE/Target/usbd_conf.o
 *(COMMON)
                0x00000000200019bc                . = ALIGN (0x4)
                0x00000000200019bc                _ebss = .
                0x00000000200019bc                __bss_end__ = _ebss

._user_heap_stack
                0x00000000200019bc      0x604 load address 0x000000000800c494
                0x00000000200019c0                . = ALIGN (0x8)
 *fill*         0x00000000200019bc        0x4 
                [!provide]                        PROVIDE (end = .)
                0x00000000200019c0                PROVIDE (_end = .)
                0x0000000020001bc0                . = (. + _Min_Heap_Size)
 *fill*         0x00000000200019c0      0x200 
                0x0000000020001fc0                . = (. + _Min_Stack_Size)
 *fill*         0x0000000020001bc0      0x400 
                0x0000000020001fc0                . = ALIGN (0x8)

/DISCARD/
 libc.a(*)
 libm.a(*)
 libgcc.a(*)

.ARM.attributes
                0x0000000000000000       0x30
 *(.ARM.attributes)
 .ARM.attributes
                0x0000000000000000       0x1e c:/soft/stm32cubeide_1.12.0/stm32cubeide/plugins/com.st.stm32cube.ide.mcu.externaltools.gnu-tools-for-stm32.10.3-2021.10.win32_1.0.200.202301161003/tools/bin/../lib/gcc/arm-none-eabi/10.3.1/thumb/v7e-m+fp/hard/crti.o
 .ARM.attributes
                0x000000000000001e       0x34 c:/soft/stm32cubeide_1.12.0/stm32cubeide/plugins/com.st.stm32cube.ide.mcu.externaltools.gnu-tools-for-stm32.10.3-2021.10.win32_1.0.200.202301161003/tools/bin/../lib/gcc/arm-none-eabi/10.3.1/thumb/v7e-m+fp/hard/crtbegin.o
 .ARM.attributes
                0x0000000000000052       0x34 ./Core/Src/abujindianjipwm.o
 .ARM.attributes
                0x0000000000000086       0x34 ./Core/Src/achuankou.o
 .ARM.attributes
                0x00000000000000ba       0x34 ./Core/Src/ashuzuchaozuo.o
 .ARM.attributes
                0x00000000000000ee       0x34 ./Core/Src/main.o
 .ARM.attributes
                0x0000000000000122       0x34 ./Core/Src/stm32f4xx_hal_msp.o
 .ARM.attributes
                0x0000000000000156       0x34 ./Core/Src/stm32f4xx_it.o
 .ARM.attributes
                0x000000000000018a       0x34 ./Core/Src/system_stm32f4xx.o
 .ARM.attributes
                0x00000000000001be       0x21 ./Core/Startup/startup_stm32f401ccux.o
 .ARM.attributes
                0x00000000000001df       0x34 ./Drivers/STM32F4xx_HAL_Driver/Src/stm32f4xx_hal.o
 .ARM.attributes
                0x0000000000000213       0x34 ./Drivers/STM32F4xx_HAL_Driver/Src/stm32f4xx_hal_cortex.o
 .ARM.attributes
                0x0000000000000247       0x34 ./Drivers/STM32F4xx_HAL_Driver/Src/stm32f4xx_hal_dma.o
 .ARM.attributes
                0x000000000000027b       0x34 ./Drivers/STM32F4xx_HAL_Driver/Src/stm32f4xx_hal_gpio.o
 .ARM.attributes
                0x00000000000002af       0x34 ./Drivers/STM32F4xx_HAL_Driver/Src/stm32f4xx_hal_pcd.o
 .ARM.attributes
                0x00000000000002e3       0x34 ./Drivers/STM32F4xx_HAL_Driver/Src/stm32f4xx_hal_pcd_ex.o
 .ARM.attributes
                0x0000000000000317       0x34 ./Drivers/STM32F4xx_HAL_Driver/Src/stm32f4xx_hal_rcc.o
 .ARM.attributes
                0x000000000000034b       0x34 ./Drivers/STM32F4xx_HAL_Driver/Src/stm32f4xx_hal_tim.o
 .ARM.attributes
                0x000000000000037f       0x34 ./Drivers/STM32F4xx_HAL_Driver/Src/stm32f4xx_hal_tim_ex.o
 .ARM.attributes
                0x00000000000003b3       0x34 ./Drivers/STM32F4xx_HAL_Driver/Src/stm32f4xx_hal_uart.o
 .ARM.attributes
                0x00000000000003e7       0x34 ./Drivers/STM32F4xx_HAL_Driver/Src/stm32f4xx_ll_usb.o
 .ARM.attributes
                0x000000000000041b       0x34 ./Middlewares/ST/STM32_USB_Device_Library/Class/CDC/Src/usbd_cdc.o
 .ARM.attributes
                0x000000000000044f       0x34 ./Middlewares/ST/STM32_USB_Device_Library/Core/Src/usbd_core.o
 .ARM.attributes
                0x0000000000000483       0x34 ./Middlewares/ST/STM32_USB_Device_Library/Core/Src/usbd_ctlreq.o
 .ARM.attributes
                0x00000000000004b7       0x34 ./Middlewares/ST/STM32_USB_Device_Library/Core/Src/usbd_ioreq.o
 .ARM.attributes
                0x00000000000004eb       0x34 ./USB_DEVICE/App/usb_device.o
 .ARM.attributes
                0x000000000000051f       0x34 ./USB_DEVICE/App/usbd_cdc_if.o
 .ARM.attributes
                0x0000000000000553       0x34 ./USB_DEVICE/App/usbd_desc.o
 .ARM.attributes
                0x0000000000000587       0x34 ./USB_DEVICE/Target/usbd_conf.o
 .ARM.attributes
                0x00000000000005bb       0x34 c:/soft/stm32cubeide_1.12.0/stm32cubeide/plugins/com.st.stm32cube.ide.mcu.externaltools.gnu-tools-for-stm32.10.3-2021.10.win32_1.0.200.202301161003/tools/bin/../lib/gcc/arm-none-eabi/10.3.1/../../../../arm-none-eabi/lib/thumb/v7e-m+fp/hard\libc_nano.a(lib_a-errno.o)
 .ARM.attributes
                0x00000000000005ef       0x34 c:/soft/stm32cubeide_1.12.0/stm32cubeide/plugins/com.st.stm32cube.ide.mcu.externaltools.gnu-tools-for-stm32.10.3-2021.10.win32_1.0.200.202301161003/tools/bin/../lib/gcc/arm-none-eabi/10.3.1/../../../../arm-none-eabi/lib/thumb/v7e-m+fp/hard\libc_nano.a(lib_a-impure.o)
 .ARM.attributes
                0x0000000000000623       0x34 c:/soft/stm32cubeide_1.12.0/stm32cubeide/plugins/com.st.stm32cube.ide.mcu.externaltools.gnu-tools-for-stm32.10.3-2021.10.win32_1.0.200.202301161003/tools/bin/../lib/gcc/arm-none-eabi/10.3.1/../../../../arm-none-eabi/lib/thumb/v7e-m+fp/hard\libc_nano.a(lib_a-init.o)
 .ARM.attributes
                0x0000000000000657       0x34 c:/soft/stm32cubeide_1.12.0/stm32cubeide/plugins/com.st.stm32cube.ide.mcu.externaltools.gnu-tools-for-stm32.10.3-2021.10.win32_1.0.200.202301161003/tools/bin/../lib/gcc/arm-none-eabi/10.3.1/../../../../arm-none-eabi/lib/thumb/v7e-m+fp/hard\libc_nano.a(lib_a-memset.o)
 .ARM.attributes
                0x000000000000068b       0x34 c:/soft/stm32cubeide_1.12.0/stm32cubeide/plugins/com.st.stm32cube.ide.mcu.externaltools.gnu-tools-for-stm32.10.3-2021.10.win32_1.0.200.202301161003/tools/bin/../lib/gcc/arm-none-eabi/10.3.1/../../../../arm-none-eabi/lib/thumb/v7e-m+fp/hard\libm.a(lib_a-w_pow.o)
 .ARM.attributes
                0x00000000000006bf       0x34 c:/soft/stm32cubeide_1.12.0/stm32cubeide/plugins/com.st.stm32cube.ide.mcu.externaltools.gnu-tools-for-stm32.10.3-2021.10.win32_1.0.200.202301161003/tools/bin/../lib/gcc/arm-none-eabi/10.3.1/../../../../arm-none-eabi/lib/thumb/v7e-m+fp/hard\libm.a(lib_a-w_sqrt.o)
 .ARM.attributes
                0x00000000000006f3       0x34 c:/soft/stm32cubeide_1.12.0/stm32cubeide/plugins/com.st.stm32cube.ide.mcu.externaltools.gnu-tools-for-stm32.10.3-2021.10.win32_1.0.200.202301161003/tools/bin/../lib/gcc/arm-none-eabi/10.3.1/../../../../arm-none-eabi/lib/thumb/v7e-m+fp/hard\libm.a(lib_a-e_pow.o)
 .ARM.attributes
                0x0000000000000727       0x34 c:/soft/stm32cubeide_1.12.0/stm32cubeide/plugins/com.st.stm32cube.ide.mcu.externaltools.gnu-tools-for-stm32.10.3-2021.10.win32_1.0.200.202301161003/tools/bin/../lib/gcc/arm-none-eabi/10.3.1/../../../../arm-none-eabi/lib/thumb/v7e-m+fp/hard\libm.a(lib_a-e_sqrt.o)
 .ARM.attributes
                0x000000000000075b       0x34 c:/soft/stm32cubeide_1.12.0/stm32cubeide/plugins/com.st.stm32cube.ide.mcu.externaltools.gnu-tools-for-stm32.10.3-2021.10.win32_1.0.200.202301161003/tools/bin/../lib/gcc/arm-none-eabi/10.3.1/../../../../arm-none-eabi/lib/thumb/v7e-m+fp/hard\libm.a(lib_a-math_err.o)
 .ARM.attributes
                0x000000000000078f       0x34 c:/soft/stm32cubeide_1.12.0/stm32cubeide/plugins/com.st.stm32cube.ide.mcu.externaltools.gnu-tools-for-stm32.10.3-2021.10.win32_1.0.200.202301161003/tools/bin/../lib/gcc/arm-none-eabi/10.3.1/../../../../arm-none-eabi/lib/thumb/v7e-m+fp/hard\libm.a(lib_a-s_fabs.o)
 .ARM.attributes
                0x00000000000007c3       0x34 c:/soft/stm32cubeide_1.12.0/stm32cubeide/plugins/com.st.stm32cube.ide.mcu.externaltools.gnu-tools-for-stm32.10.3-2021.10.win32_1.0.200.202301161003/tools/bin/../lib/gcc/arm-none-eabi/10.3.1/../../../../arm-none-eabi/lib/thumb/v7e-m+fp/hard\libm.a(lib_a-s_finite.o)
 .ARM.attributes
                0x00000000000007f7       0x34 c:/soft/stm32cubeide_1.12.0/stm32cubeide/plugins/com.st.stm32cube.ide.mcu.externaltools.gnu-tools-for-stm32.10.3-2021.10.win32_1.0.200.202301161003/tools/bin/../lib/gcc/arm-none-eabi/10.3.1/../../../../arm-none-eabi/lib/thumb/v7e-m+fp/hard\libm.a(lib_a-s_scalbn.o)
 .ARM.attributes
                0x000000000000082b       0x1e c:/soft/stm32cubeide_1.12.0/stm32cubeide/plugins/com.st.stm32cube.ide.mcu.externaltools.gnu-tools-for-stm32.10.3-2021.10.win32_1.0.200.202301161003/tools/bin/../lib/gcc/arm-none-eabi/10.3.1/thumb/v7e-m+fp/hard\libgcc.a(_arm_addsubdf3.o)
 .ARM.attributes
                0x0000000000000849       0x1e c:/soft/stm32cubeide_1.12.0/stm32cubeide/plugins/com.st.stm32cube.ide.mcu.externaltools.gnu-tools-for-stm32.10.3-2021.10.win32_1.0.200.202301161003/tools/bin/../lib/gcc/arm-none-eabi/10.3.1/thumb/v7e-m+fp/hard\libgcc.a(_arm_muldivdf3.o)
 .ARM.attributes
                0x0000000000000867       0x1e c:/soft/stm32cubeide_1.12.0/stm32cubeide/plugins/com.st.stm32cube.ide.mcu.externaltools.gnu-tools-for-stm32.10.3-2021.10.win32_1.0.200.202301161003/tools/bin/../lib/gcc/arm-none-eabi/10.3.1/thumb/v7e-m+fp/hard\libgcc.a(_arm_cmpdf2.o)
 .ARM.attributes
                0x0000000000000885       0x1e c:/soft/stm32cubeide_1.12.0/stm32cubeide/plugins/com.st.stm32cube.ide.mcu.externaltools.gnu-tools-for-stm32.10.3-2021.10.win32_1.0.200.202301161003/tools/bin/../lib/gcc/arm-none-eabi/10.3.1/thumb/v7e-m+fp/hard\libgcc.a(_arm_unorddf2.o)
 .ARM.attributes
                0x00000000000008a3       0x1e c:/soft/stm32cubeide_1.12.0/stm32cubeide/plugins/com.st.stm32cube.ide.mcu.externaltools.gnu-tools-for-stm32.10.3-2021.10.win32_1.0.200.202301161003/tools/bin/../lib/gcc/arm-none-eabi/10.3.1/thumb/v7e-m+fp/hard\libgcc.a(_arm_fixdfsi.o)
 .ARM.attributes
                0x00000000000008c1       0x1e c:/soft/stm32cubeide_1.12.0/stm32cubeide/plugins/com.st.stm32cube.ide.mcu.externaltools.gnu-tools-for-stm32.10.3-2021.10.win32_1.0.200.202301161003/tools/bin/../lib/gcc/arm-none-eabi/10.3.1/thumb/v7e-m+fp/hard\libgcc.a(_arm_fixunsdfsi.o)
 .ARM.attributes
                0x00000000000008df       0x1e c:/soft/stm32cubeide_1.12.0/stm32cubeide/plugins/com.st.stm32cube.ide.mcu.externaltools.gnu-tools-for-stm32.10.3-2021.10.win32_1.0.200.202301161003/tools/bin/../lib/gcc/arm-none-eabi/10.3.1/thumb/v7e-m+fp/hard\libgcc.a(_aeabi_ldivmod.o)
 .ARM.attributes
                0x00000000000008fd       0x1e c:/soft/stm32cubeide_1.12.0/stm32cubeide/plugins/com.st.stm32cube.ide.mcu.externaltools.gnu-tools-for-stm32.10.3-2021.10.win32_1.0.200.202301161003/tools/bin/../lib/gcc/arm-none-eabi/10.3.1/thumb/v7e-m+fp/hard\libgcc.a(_aeabi_uldivmod.o)
 .ARM.attributes
                0x000000000000091b       0x34 c:/soft/stm32cubeide_1.12.0/stm32cubeide/plugins/com.st.stm32cube.ide.mcu.externaltools.gnu-tools-for-stm32.10.3-2021.10.win32_1.0.200.202301161003/tools/bin/../lib/gcc/arm-none-eabi/10.3.1/thumb/v7e-m+fp/hard\libgcc.a(_fixdfdi.o)
 .ARM.attributes