../Core/Src/main.c:75:6:TIM4_IRQHandler	8	static
../Core/Src/main.c:88:6:TIM1_UP_TIM10_IRQHandler	96	static
../Core/Src/main.c:104:6:EXTI9_5_IRQHandler	16	static
../Core/Src/main.c:127:5:main	24	static
../Core/Src/main.c:233:6:SystemClock_Config	88	static
../Core/Src/main.c:280:13:MX_TIM1_Init	32	static
../Core/Src/main.c:326:13:MX_TIM4_Init	64	static
../Core/Src/main.c:385:13:MX_USART1_UART_Init	8	static
../Core/Src/main.c:418:13:MX_GPIO_Init	40	static
../Core/Src/main.c:461:6:Error_Handler	4	static,ignoring_inline_asm
