../Core/Src/achuankou.c:17:7:duqu	16	static
../Core/Src/achuankou.c:28:7:shujuduqu	8	static
../Core/Src/achuankou.c:33:7:shujuxieru	8	static
../Core/Src/achuankou.c:44:10:duankoupanduan	16	static
../Core/Src/achuankou.c:73:6:duankou1qingchu	16	static
../Core/Src/achuankou.c:84:6:duankou1xunhuan	8	static
../Core/Src/achuankou.c:101:6:USART1_IRQHandler	16	static
../Core/Src/achuankou.c:128:9:chuankoufasongzi	24	static
../Core/Src/achuankou.c:140:10:chuankoufasongshuzi	24	static
../Core/Src/achuankou.c:170:6:chuankoufasong	16	static
../Core/Src/achuankou.c:178:9:add_crc8	24	static
../Core/Src/achuankou.c:188:10:modbus_crc16	32	static
