../Core/Src/main.c:80:6:TIM1_UP_TIM10_IRQHandler	8	static
../Core/Src/main.c:93:6:TIM1_BRK_TIM9_IRQHandler	8	static
../Core/Src/main.c:105:9:jisuanjueduijuli_2x	48	static
../Core/Src/main.c:109:9:jisuanjueduijuli_3x	64	static
../Core/Src/main.c:113:9:jisuanjueduijuli_6x	112	static
../Core/Src/main.c:118:6:chabu_2x	40	static
../Core/Src/main.c:133:6:chabu_3x	56	static
../Core/Src/main.c:150:6:chabu_6x	112	static
../Core/Src/main.c:173:6:gengxinshijiweizhi_2x	64	static
../Core/Src/main.c:179:6:gengxinshijiweizhi_3x	96	static
../Core/Src/main.c:185:6:gengxinshijiweizhi_6x	168	static
../Core/Src/main.c:195:6:fs	24	static
../Core/Src/main.c:211:5:main	56	static
../Core/Src/main.c:305:6:SystemClock_Config	88	static
../Core/Src/main.c:351:13:MX_TIM1_Init	32	static
../Core/Src/main.c:397:13:MX_TIM9_Init	40	static
../Core/Src/main.c:439:13:MX_TIM11_Init	8	static
../Core/Src/main.c:470:13:MX_USART1_UART_Init	8	static
../Core/Src/main.c:503:13:MX_GPIO_Init	40	static
../Core/Src/main.c:535:6:Error_Handler	4	static,ignoring_inline_asm
